[2026-08-18T21:06:11.316Z] GET http://127.0.0.1:34567/welcome → 200 (34ms, 8951B)
[2026-08-18T21:06:11.356Z] GET https://fonts.googleapis.com/css2?family=DM+Sans:wght@400;500;600&family=JetBrains+Mono:wght@400;500&display=swap → pending (?ms, ?B)
[2026-08-18T21:06:11.357Z] GET https://api.fontshare.com/v2/css?f[]=satoshi@700,900&display=swap → pending (?ms, ?B)
[2026-08-18T21:06:12.243Z] GET https://fonts.gstatic.com/s/dmsans/v17/rP2Yp2ywxg089UriI5-g4vlH9VoD8Cmcqbu0-K6z9mXg.woff2 → pending (?ms, ?B)
[2026-08-18T21:06:12.243Z] GET https://cdn.fontshare.com/wf/NHPGVFYUXYXE33DZ75OIT4JFGHITX5PE/PSUTMASCDJTVPERDYJZPN23BVUFUCQIF/J64QX5IPOHK56I2KYUNBQ5M2XWZEYKYX.woff2 → pending (?ms, ?B)
[2026-08-18T21:06:12.243Z] GET https://cdn.fontshare.com/wf/LAFFD4SDUCDVQEXFPDC7C53EQ4ZELWQI/PXCT3G6LO6ICM5I3NTYENYPWJAECAWDD/GHM6WVH6MILNYOOCXHXB5GTSGNTMGXZR.woff2 → pending (?ms, ?B)
[2026-08-18T21:06:12.243Z] GET https://fonts.gstatic.com/s/jetbrainsmono/v24/tDbv2o-flEEny0FZhsfKu5WU4zr3E_BX0PnT8RD8yKwBNntkaToggR7BYRbKPxDcwgknk-4.woff2 → pending (?ms, ?B)
[2026-08-18T21:06:17.203Z] GET https://www.linkedin.com/in/marcelo-sias/ → pending (?ms, ?B)
[2026-08-18T21:06:18.330Z] GET https://www.linkedin.com/in/marcelo-sias → pending (?ms, ?B)
[2026-08-18T21:06:18.779Z] GET https://www.linkedin.com/authwall?trk=bf&trkInfo=AQHvGBZR5Eej4gAAAaAWskkQuUSBiHF_dnWWfkUVif-lhl1rFN0ulgtH2TmkRN7U-yWWQRLSrDg4nzyphFEA-ytphHMn1tYLMaiAn0oLixm2sDm8Ur6wzF6JCsGLFE28yV3Mwv4=&original_referer=&sessionRedirect=https%3A%2F%2Fwww.linkedin.com%2Fin%2Fmarcelo-sias → 200 (256ms, 65979B)
[2026-08-18T21:06:19.237Z] GET https://static.licdn.com/aero-v1/sc/h/b5vydpik9slh5mwqap0g5jq59 → pending (?ms, ?B)
[2026-08-18T21:06:19.237Z] GET https://static.licdn.com/aero-v1/sc/h/4w1iremrnsuxf3bjq4udk3vti → pending (?ms, ?B)
[2026-08-18T21:06:19.238Z] GET https://static.licdn.com/aero-v1/sc/h/4sy6xgzo0t4xd6r0uco9cdjd2 → pending (?ms, ?B)
[2026-08-18T21:06:24.604Z] GET https://static.licdn.com/aero-v1/sc/h/29rdkxlvag0d3cpj96fiilbju → pending (?ms, ?B)
[2026-08-18T21:06:24.605Z] GET https://static.licdn.com/aero-v1/sc/h/7odnbqr43oxa04pdcbc8q1lhv → pending (?ms, ?B)
[2026-08-18T21:06:24.605Z] HEAD https://static.licdn.com/aero-v1/sc/h/b5vydpik9slh5mwqap0g5jq59 → 200 (18ms, ?B)
[2026-08-18T21:06:24.605Z] HEAD https://static.licdn.com/aero-v1/sc/h/4w1iremrnsuxf3bjq4udk3vti → 200 (18ms, ?B)
[2026-08-18T21:06:24.605Z] HEAD https://static.licdn.com/aero-v1/sc/h/4sy6xgzo0t4xd6r0uco9cdjd2 → 200 (18ms, ?B)
[2026-08-18T21:06:24.605Z] GET https://static.licdn.com/aero-v1/sc/h/80ndnja80f2uvg4l8sj2su82m → pending (?ms, ?B)
[2026-08-18T21:06:24.605Z] GET https://static.licdn.com/aero-v1/sc/h/ddi43qwelxeqjxdd45pe3fvs1 → pending (?ms, ?B)
[2026-08-18T21:06:24.605Z] GET https://static.licdn.com/aero-v1/sc/h/8fkga714vy9b2wk5auqo5reeb → pending (?ms, ?B)
[2026-08-18T21:06:24.605Z] GET https://static.licdn.com/aero-v1/sc/h/5oas73nreunfgygkpe5iwmgrs → pending (?ms, ?B)
[2026-08-18T21:06:24.606Z] GET https://static.licdn.com/aero-v1/sc/h/gs508lg3t2o81tq7pmcgn6m2 → pending (?ms, ?B)
[2026-08-18T21:06:24.606Z] GET https://static.licdn.com/aero-v1/sc/h/gs508lg3t2o81tq7pmcgn6m2 → pending (?ms, ?B)
[2026-08-18T21:06:24.606Z] GET https://static.licdn.com/aero-v1/sc/h/5mebydpuuijm3uhv1q375inqh → pending (?ms, ?B)
[2026-08-18T21:06:24.606Z] GET https://static.licdn.com/aero-v1/sc/h/cyolgscd0imw2ldqppkrb84vo → pending (?ms, ?B)
[2026-08-18T21:06:24.606Z] POST https://www.linkedin.com/directory/api/ingraphs/gauge → pending (?ms, ?B)
[2026-08-18T21:06:24.622Z] GET https://www.linkedin.com/litms/api/metadata/user → pending (?ms, ?B)
[2026-08-18T21:06:24.623Z] GET https://platform.linkedin.com/litms/utag/seo-directory-frontend/utag.js?cb=1787087100000 → pending (?ms, ?B)
[2026-08-18T21:06:24.624Z] GET https://li.protechts.net/index.html?ts=1787087184612&r_id=AAZZWKh6r8foTbtMkNuwZA%3D%3D&app_id=PXdOjV695v&uc=scraping&d_id=8b225b998d3989e822ed09a3cdaa5ec12c12da806a230ae8844468981daeb74e → pending (?ms, ?B)
[2026-08-18T21:06:24.725Z] GET https://static.licdn.com/aero-v1/sc/h/al2o9zrvru7aqj8e1x2rzsrca → 200 (831ms, ?B)
[2026-08-18T21:06:24.779Z] POST https://www.linkedin.com/li/track → pending (?ms, ?B)
[2026-08-18T21:06:24.779Z] GET https://www.linkedin.com/aero-v1/sc/h/bxullzz73p3hhf78t6sj3w6pb → pending (?ms, ?B)
[2026-08-18T21:06:25.551Z] POST https://www.linkedin.com/platform-telemetry/li/apfcDf → pending (?ms, ?B)
[2026-08-18T21:06:25.552Z] POST https://www.linkedin.com/platform-telemetry/li/apfcDf → pending (?ms, ?B)
[2026-08-18T21:06:25.555Z] POST https://www.linkedin.com/platform-telemetry/li/apfcDf → pending (?ms, ?B)
[2026-08-18T21:06:25.555Z] POST https://www.linkedin.com/platform-telemetry/li/apfcDf → pending (?ms, ?B)
[2026-08-18T21:06:25.556Z] POST https://ps.azurewaf.microsoft.com/event?correlationId=bfd522a8-2311-48f3-aa52-eab6932eb579&type=ping → pending (?ms, ?B)
[2026-08-18T21:06:25.556Z] GET https://accounts.google.com/gsi/button?locale=null&logo_alignment=center&shape=pill&size=large&text=continue_with&theme=undefined&type=undefined&width=325px&client_id=990339570472-k6nqn1tpmitg8pui82bfaun3jrpmiuhs.apps.googleusercontent.com&iframe_id=gsi_185024_332240&as=F%2BlNr15MsL6%2BJvTCPo6ulw → pending (?ms, ?B)
[2026-08-18T21:06:25.557Z] GET https://accounts.google.com/gsi/status?client_id=990339570472-k6nqn1tpmitg8pui82bfaun3jrpmiuhs.apps.googleusercontent.com&as=F%2BlNr15MsL6%2BJvTCPo6ulw&has_opted_out_fedcm=true → pending (?ms, ?B)
[2026-08-18T21:06:25.557Z] GET https://accounts.google.com/gsi/button?logo_alignment=center&shape=pill&size=large&text=continue_with&theme=outline&type=undefined&width=325px&client_id=990339570472-k6nqn1tpmitg8pui82bfaun3jrpmiuhs.apps.googleusercontent.com&iframe_id=gsi_185028_155891&as=F%2BlNr15MsL6%2BJvTCPo6ulw&hl=en_US → pending (?ms, ?B)
[2026-08-18T21:06:25.557Z] GET https://accounts.google.com/gsi/status?client_id=990339570472-k6nqn1tpmitg8pui82bfaun3jrpmiuhs.apps.googleusercontent.com&as=F%2BlNr15MsL6%2BJvTCPo6ulw&has_opted_out_fedcm=true → pending (?ms, ?B)
[2026-08-18T21:06:25.557Z] POST https://www.linkedin.com/li/track → pending (?ms, ?B)
[2026-08-18T21:06:25.558Z] POST https://www.linkedin.com/li/track → pending (?ms, ?B)
[2026-08-18T21:06:25.752Z] POST https://www.linkedin.com/li/track → 200 (462ms, ?B)
[2026-08-18T21:06:26.138Z] POST https://www.linkedin.com/platform-telemetry/li/apfcDf → 200 (79ms, ?B)
[2026-08-18T21:06:26.138Z] POST https://www.linkedin.com/platform-telemetry/li/apfcDf → 200 (76ms, ?B)
[2026-08-18T21:06:26.170Z] GET https://client.protechts.net/PXdOjV695v/main.min.js → pending (?ms, ?B)
[2026-08-18T21:06:26.659Z] POST https://www.linkedin.com/li/track → pending (?ms, ?B)
[2026-08-18T21:06:26.895Z] POST https://www.linkedin.com/directory/api/ingraphs/counter → 200 (212ms, ?B)
[2026-08-18T21:06:26.948Z] POST https://www.linkedin.com/li/track → 200 (211ms, ?B)
[2026-08-18T21:06:27.130Z] GET https://tzm.protechts.net/ns?c=ad34b820-9b48-11f1-9932-79dcb7b37b50 → pending (?ms, ?B)
[2026-08-18T21:06:27.134Z] POST https://collector-pxdojv695v.protechts.net/api/v2/msft → pending (?ms, ?B)
[2026-08-18T21:06:27.609Z] POST https://www.linkedin.com/litms/api/events/tms-load → pending (?ms, ?B)
[2026-08-18T21:06:27.622Z] GET https://fonts.gstatic.com/s/googlesans/v62/4UaRrENHsxJlGDuGo1OIlJfC6l_24rlCK1Yo_Iq2vgCIhM907w.woff2 → pending (?ms, ?B)
[2026-08-18T21:06:27.662Z] POST https://www.linkedin.com/li/track → 200 (103ms, ?B)
[2026-08-18T21:06:28.444Z] POST https://collector-pxdojv695v.protechts.net/api/v2/msft → 200 (189ms, 1308B)
[2026-08-18T21:06:28.658Z] POST https://www.linkedin.com/li/track → pending (?ms, ?B)
[2026-08-18T21:06:30.658Z] POST https://www.linkedin.com/li/track → pending (?ms, ?B)
[2026-08-18T21:06:32.658Z] POST https://www.linkedin.com/li/track → pending (?ms, ?B)
[2026-08-18T21:06:34.657Z] POST https://www.linkedin.com/li/track → pending (?ms, ?B)
[2026-08-18T21:06:36.656Z] POST https://www.linkedin.com/li/track → pending (?ms, ?B)
[2026-08-18T21:06:37.425Z] POST https://play.google.com/log?format=json&hasfast=true&authuser=0 → pending (?ms, ?B)
[2026-08-18T21:06:37.624Z] POST https://play.google.com/log?format=json&hasfast=true&authuser=0 → pending (?ms, ?B)
[2026-08-18T21:06:38.657Z] POST https://www.linkedin.com/li/track → pending (?ms, ?B)
[2026-08-18T21:06:40.011Z] POST https://ps.azurewaf.microsoft.com/event?correlationId=bfd522a8-2311-48f3-aa52-eab6932eb579&type=data → 200 (341ms, ?B)
[2026-08-18T21:06:40.655Z] POST https://www.linkedin.com/li/track → pending (?ms, ?B)
[2026-08-18T21:06:42.657Z] POST https://www.linkedin.com/li/track → pending (?ms, ?B)
[2026-08-18T21:06:44.657Z] POST https://www.linkedin.com/li/track → pending (?ms, ?B)
[2026-08-18T21:06:46.656Z] POST https://www.linkedin.com/li/track → pending (?ms, ?B)
[2026-08-18T21:06:48.657Z] POST https://www.linkedin.com/li/track → pending (?ms, ?B)
[2026-08-18T21:06:49.682Z] POST https://collector-pxdojv695v.protechts.net/api/v2/msft → 200 (121ms, 1308B)
[2026-08-18T21:06:50.656Z] POST https://www.linkedin.com/li/track → pending (?ms, ?B)
[2026-08-18T21:06:52.657Z] POST https://www.linkedin.com/li/track → pending (?ms, ?B)
[2026-08-18T21:06:54.657Z] POST https://www.linkedin.com/li/track → pending (?ms, ?B)
[2026-08-18T21:06:56.657Z] POST https://www.linkedin.com/li/track → pending (?ms, ?B)
[2026-08-18T21:06:58.656Z] POST https://www.linkedin.com/li/track → pending (?ms, ?B)
[2026-08-18T21:07:00.657Z] POST https://www.linkedin.com/li/track → pending (?ms, ?B)
[2026-08-18T21:07:02.657Z] POST https://www.linkedin.com/li/track → pending (?ms, ?B)
[2026-08-18T21:07:04.656Z] POST https://www.linkedin.com/li/track → pending (?ms, ?B)
[2026-08-18T21:07:06.654Z] POST https://www.linkedin.com/li/track → pending (?ms, ?B)
[2026-08-18T21:07:08.658Z] POST https://www.linkedin.com/li/track → pending (?ms, ?B)
[2026-08-18T21:07:10.657Z] POST https://www.linkedin.com/li/track → pending (?ms, ?B)
[2026-08-18T21:07:12.658Z] POST https://www.linkedin.com/li/track → pending (?ms, ?B)
[2026-08-18T21:07:14.656Z] POST https://www.linkedin.com/li/track → pending (?ms, ?B)
[2026-08-18T21:07:16.656Z] POST https://www.linkedin.com/li/track → pending (?ms, ?B)
[2026-08-18T21:07:18.657Z] POST https://www.linkedin.com/li/track → pending (?ms, ?B)
[2026-08-18T21:07:20.656Z] POST https://www.linkedin.com/li/track → pending (?ms, ?B)
[2026-08-18T21:07:22.657Z] POST https://www.linkedin.com/li/track → pending (?ms, ?B)
[2026-08-18T21:07:24.656Z] POST https://www.linkedin.com/li/track → pending (?ms, ?B)
[2026-08-18T21:07:26.656Z] POST https://www.linkedin.com/li/track → pending (?ms, ?B)
[2026-08-18T21:07:28.655Z] POST https://www.linkedin.com/li/track → pending (?ms, ?B)
[2026-08-18T21:07:30.657Z] POST https://www.linkedin.com/li/track → pending (?ms, ?B)
[2026-08-18T21:07:32.656Z] POST https://www.linkedin.com/li/track → pending (?ms, ?B)
[2026-08-18T21:07:34.657Z] POST https://www.linkedin.com/li/track → pending (?ms, ?B)
[2026-08-18T21:07:36.657Z] POST https://www.linkedin.com/li/track → pending (?ms, ?B)
[2026-08-18T21:07:38.657Z] POST https://www.linkedin.com/li/track → pending (?ms, ?B)
[2026-08-18T21:07:40.657Z] POST https://www.linkedin.com/li/track → pending (?ms, ?B)
[2026-08-18T21:07:42.657Z] POST https://www.linkedin.com/li/track → pending (?ms, ?B)
[2026-08-18T21:07:44.656Z] POST https://www.linkedin.com/li/track → pending (?ms, ?B)
[2026-08-18T21:07:46.655Z] POST https://www.linkedin.com/li/track → pending (?ms, ?B)
[2026-08-18T21:07:48.658Z] POST https://www.linkedin.com/li/track → pending (?ms, ?B)
[2026-08-18T21:07:50.657Z] POST https://www.linkedin.com/li/track → pending (?ms, ?B)
[2026-08-18T21:07:52.658Z] POST https://www.linkedin.com/li/track → pending (?ms, ?B)
[2026-08-18T21:07:54.657Z] POST https://www.linkedin.com/li/track → pending (?ms, ?B)
[2026-08-18T21:07:56.656Z] POST https://www.linkedin.com/li/track → pending (?ms, ?B)
[2026-08-18T21:07:58.655Z] POST https://www.linkedin.com/li/track → pending (?ms, ?B)
[2026-08-18T21:08:00.656Z] POST https://www.linkedin.com/li/track → pending (?ms, ?B)
[2026-08-18T21:08:02.656Z] POST https://www.linkedin.com/li/track → pending (?ms, ?B)
[2026-08-18T21:08:04.656Z] POST https://www.linkedin.com/li/track → pending (?ms, ?B)
[2026-08-18T21:08:06.657Z] POST https://www.linkedin.com/li/track → 200 (78ms, ?B)
[2026-08-18T21:08:08.657Z] POST https://www.linkedin.com/li/track → pending (?ms, ?B)
[2026-08-18T21:08:10.656Z] POST https://www.linkedin.com/li/track → pending (?ms, ?B)
[2026-08-18T21:08:12.658Z] POST https://www.linkedin.com/li/track → pending (?ms, ?B)
[2026-08-18T21:08:14.658Z] POST https://www.linkedin.com/li/track → pending (?ms, ?B)
[2026-08-18T21:08:16.658Z] POST https://www.linkedin.com/li/track → pending (?ms, ?B)
[2026-08-18T21:08:18.658Z] POST https://www.linkedin.com/li/track → pending (?ms, ?B)
[2026-08-18T21:08:20.658Z] POST https://www.linkedin.com/li/track → pending (?ms, ?B)
[2026-08-18T21:08:22.657Z] POST https://www.linkedin.com/li/track → pending (?ms, ?B)
[2026-08-18T21:08:24.657Z] POST https://www.linkedin.com/li/track → pending (?ms, ?B)
[2026-08-18T21:08:26.656Z] POST https://www.linkedin.com/li/track → pending (?ms, ?B)
[2026-08-18T21:08:28.656Z] POST https://www.linkedin.com/li/track → 200 (103ms, ?B)
[2026-08-18T21:08:30.657Z] POST https://www.linkedin.com/li/track → 200 (112ms, ?B)
[2026-08-18T21:08:32.657Z] POST https://www.linkedin.com/li/track → pending (?ms, ?B)
[2026-08-18T21:08:34.657Z] POST https://www.linkedin.com/li/track → pending (?ms, ?B)
[2026-08-18T21:08:36.657Z] POST https://www.linkedin.com/li/track → pending (?ms, ?B)
[2026-08-18T21:08:38.658Z] POST https://www.linkedin.com/li/track → 200 (94ms, ?B)
[2026-08-18T21:08:40.657Z] POST https://www.linkedin.com/li/track → pending (?ms, ?B)
[2026-08-18T21:08:42.657Z] POST https://www.linkedin.com/li/track → 200 (88ms, ?B)
[2026-08-18T21:08:44.657Z] POST https://www.linkedin.com/li/track → pending (?ms, ?B)
[2026-08-18T21:08:46.657Z] POST https://www.linkedin.com/li/track → pending (?ms, ?B)
[2026-08-18T21:08:48.658Z] POST https://www.linkedin.com/li/track → pending (?ms, ?B)
[2026-08-18T21:08:50.656Z] POST https://www.linkedin.com/li/track → 200 (102ms, ?B)
[2026-08-18T21:08:52.656Z] POST https://www.linkedin.com/li/track → pending (?ms, ?B)
[2026-08-18T21:08:54.656Z] POST https://www.linkedin.com/li/track → 200 (113ms, ?B)
[2026-08-18T21:08:56.657Z] POST https://www.linkedin.com/li/track → pending (?ms, ?B)
[2026-08-18T21:08:58.656Z] POST https://www.linkedin.com/li/track → pending (?ms, ?B)
[2026-08-18T21:09:00.658Z] POST https://www.linkedin.com/li/track → 200 (90ms, ?B)
[2026-08-18T21:09:02.656Z] POST https://www.linkedin.com/li/track → 200 (138ms, ?B)
[2026-08-18T21:09:04.663Z] POST https://www.linkedin.com/li/track → 200 (87ms, ?B)
[2026-08-18T21:09:06.656Z] POST https://www.linkedin.com/li/track → 200 (168ms, ?B)
[2026-08-18T21:09:08.656Z] POST https://www.linkedin.com/li/track → 200 (157ms, ?B)
[2026-08-18T21:09:10.656Z] POST https://www.linkedin.com/li/track → 200 (85ms, ?B)
[2026-08-18T21:09:12.656Z] POST https://www.linkedin.com/li/track → 200 (90ms, ?B)
[2026-08-18T21:09:14.656Z] POST https://www.linkedin.com/li/track → 200 (91ms, ?B)
[2026-08-18T21:09:16.658Z] POST https://www.linkedin.com/li/track → pending (?ms, ?B)
[2026-08-18T21:09:18.656Z] POST https://www.linkedin.com/li/track → pending (?ms, ?B)
[2026-08-18T21:09:20.656Z] POST https://www.linkedin.com/li/track → 200 (102ms, ?B)
[2026-08-18T21:09:22.656Z] POST https://www.linkedin.com/li/track → 200 (178ms, ?B)
[2026-08-18T21:09:24.656Z] POST https://www.linkedin.com/li/track → 200 (150ms, ?B)
[2026-08-18T21:09:26.657Z] POST https://www.linkedin.com/li/track → 200 (162ms, ?B)
[2026-08-18T21:09:28.656Z] POST https://www.linkedin.com/li/track → pending (?ms, ?B)
[2026-08-18T21:09:30.657Z] POST https://www.linkedin.com/li/track → 200 (177ms, ?B)
[2026-08-18T21:09:32.657Z] POST https://www.linkedin.com/li/track → 200 (96ms, ?B)
[2026-08-18T21:09:34.657Z] POST https://www.linkedin.com/li/track → 200 (106ms, ?B)
[2026-08-18T21:09:36.657Z] POST https://www.linkedin.com/li/track → pending (?ms, ?B)
[2026-08-18T21:09:38.657Z] POST https://www.linkedin.com/li/track → pending (?ms, ?B)
[2026-08-18T21:09:40.657Z] POST https://www.linkedin.com/li/track → pending (?ms, ?B)
[2026-08-18T21:09:42.657Z] POST https://www.linkedin.com/li/track → pending (?ms, ?B)
[2026-08-18T21:09:44.658Z] POST https://www.linkedin.com/li/track → 200 (108ms, ?B)
[2026-08-18T21:09:46.658Z] POST https://www.linkedin.com/li/track → 200 (120ms, ?B)
[2026-08-18T21:09:48.656Z] POST https://www.linkedin.com/li/track → 200 (110ms, ?B)
[2026-08-18T21:09:50.656Z] POST https://www.linkedin.com/li/track → 200 (105ms, ?B)
[2026-08-18T21:09:52.657Z] POST https://www.linkedin.com/li/track → 200 (83ms, ?B)
[2026-08-18T21:09:54.657Z] POST https://www.linkedin.com/li/track → 200 (110ms, ?B)
[2026-08-18T21:09:56.656Z] POST https://www.linkedin.com/li/track → 200 (85ms, ?B)
[2026-08-18T21:09:58.657Z] POST https://www.linkedin.com/li/track → 200 (109ms, ?B)
[2026-08-18T21:10:00.656Z] POST https://www.linkedin.com/li/track → 200 (136ms, ?B)
[2026-08-18T21:10:02.657Z] POST https://www.linkedin.com/li/track → 200 (160ms, ?B)
[2026-08-18T21:10:04.656Z] POST https://www.linkedin.com/li/track → pending (?ms, ?B)
[2026-08-18T21:10:06.658Z] POST https://www.linkedin.com/li/track → pending (?ms, ?B)
[2026-08-18T21:10:07.123Z] POST https://www.linkedin.com/platform-telemetry/li/gather → 200 (121ms, ?B)
[2026-08-18T21:10:08.249Z] GET https://accounts.google.com/gsi/select?client_id=990339570472-k6nqn1tpmitg8pui82bfaun3jrpmiuhs.apps.googleusercontent.com&auto_select=true&ux_mode=popup&ui_mode=card&context=signin&as=F%2BlNr15MsL6%2BJvTCPo6ulw&channel_id=37713b23416d9f62e9c48e477be54b095d7afc9488be1cd176c0afdea8cfd354&origin=https%3A%2F%2Fwww.linkedin.com → 302 (173ms, ?B)
[2026-08-18T21:10:08.422Z] GET https://accounts.google.com/AddSession?faa=1&rip=1&continue=https://accounts.google.com/gsi/select?client_id%3D990339570472-k6nqn1tpmitg8pui82bfaun3jrpmiuhs.apps.googleusercontent.com%26auto_select%3Dtrue%26ux_mode%3Dpopup%26ui_mode%3Dcard%26context%3Dsignin%26as%3DF%252BlNr15MsL6%252BJvTCPo6ulw%26channel_id%3D37713b23416d9f62e9c48e477be54b095d7afc9488be1cd176c0afdea8cfd354%26origin%3Dhttps://www.linkedin.com → 302 (224ms, ?B)
[2026-08-18T21:10:08.646Z] GET https://accounts.google.com/ServiceLogin?continue=https://accounts.google.com/gsi/select?client_id%3D990339570472-k6nqn1tpmitg8pui82bfaun3jrpmiuhs.apps.googleusercontent.com%26auto_select%3Dtrue%26ux_mode%3Dpopup%26ui_mode%3Dcard%26context%3Dsignin%26as%3DF%252BlNr15MsL6%252BJvTCPo6ulw%26channel_id%3D37713b23416d9f62e9c48e477be54b095d7afc9488be1cd176c0afdea8cfd354%26origin%3Dhttps://www.linkedin.com&dsh=S-1757777443:1787087408513956&faa=1&ffgf=1&rip=1 → 302 (175ms, ?B)
[2026-08-18T21:10:08.661Z] POST https://www.linkedin.com/li/track → 200 (161ms, ?B)
[2026-08-18T21:10:08.821Z] GET https://accounts.google.com/v3/signin/identifier?continue=https://accounts.google.com/gsi/select?client_id%3D990339570472-k6nqn1tpmitg8pui82bfaun3jrpmiuhs.apps.googleusercontent.com%26auto_select%3Dtrue%26ux_mode%3Dpopup%26ui_mode%3Dcard%26context%3Dsignin%26as%3DF%252BlNr15MsL6%252BJvTCPo6ulw%26channel_id%3D37713b23416d9f62e9c48e477be54b095d7afc9488be1cd176c0afdea8cfd354%26origin%3Dhttps://www.linkedin.com&dsh=S-1757777443:1787087408513956&faa=1&rip=1&flowName=GlifWebSignIn&flowEntry=ServiceLogin → pending (?ms, ?B)
[2026-08-18T21:10:09.337Z] GET https://www.gstatic.com/_/mss/boq-identity/_/js/k=boq-identity.AccountsSignInUi.en_US.B_Ku8wmEgiQ.es5.O/am=EQEAAADfgDcSAOT__28AAAMItgO-ZwE0AUIGAAAAAAAAAACwAAAADQEE/d=1/excm=_b,_tp,identifierview/ed=1/dg=0/wt=2/ujg=1/rs=AOaEmlGRkAOyGr-Hamj7_5K8qCMb1iGOLg/dti=1/m=_b,_tp → pending (?ms, ?B)
[2026-08-18T21:10:09.346Z] GET https://www.gstatic.com/images/branding/googleg_gradient/svg/googleg_gradient_standard_48px.svg → 200 (283ms, 3949B)
[2026-08-18T21:10:09.346Z] GET https://fonts.gstatic.com/s/googlesans/v62/4UaRrENHsxJlGDuGo1OIlJfC6l_24rlCK1Yo_Iq2vgCIhM907w.woff2 → 200 (1ms, ?B)
[2026-08-18T21:10:10.445Z] GET https://www.gstatic.com/_/mss/boq-identity/_/js/k=boq-identity.AccountsSignInUi.en_US.B_Ku8wmEgiQ.es5.O/ck=boq-identity.AccountsSignInUi.JzVX5znjq3M.L.B1.O/am=EQEAAADfgDcSAOT__28AAAMItgO-ZwE0AUIGAAAAAAAAAACwAAAADQEE/d=1/exm=_b,_tp/excm=_b,_tp,identifierview/ed=1/wt=2/ujg=1/rs=AOaEmlGjkcH7Ky_zB34oeuuHTVW7ZA5uGg/ee=ASJRFf:DAnQ7e;Al0B8:kibjWe;DaIJ8c:iAskyc;EVNhjf:pw70Gc;EkYFhd:GwYlN;EmZ2Bf:zr1jrb;JsbNhc:Xd8iUd;K5nYTd:ZDZcre;LBgRLc:XVMNvd;Me32dd:MEeYgc;NJ1rfe:yGfSdd;NPKaK:PVlQOd;NSEoX:lazG7b;Pjplud:EEDORb;QGR0gd:Mlhmy;Qi0VDf:vUyhef;SMDL4c:K0PMbc;SNUn3:ZwDk9d;ScI3Yc:e7Hzgb;UpnZUd:nnwwYc;Uvc8o:VDovNc;UyjXyd:qXkWrc;VlRiDf:j7ZRif;XdiAjb:NLiXbe;YIZmRd:A1yn5d;a56pNe:JEfCwb;cEt90b:ws9Tlc;dIoSBb:SpsfSb;dowIGb:ebZ3mb;eBAeSb:zbML3c;iFQyKf:vfuNJf;lGvXed:Gtn19d;lOO0Vd:OTA3Ae;nTuGK:JKNPM;oGtAuc:sOXFj;oSUNyd:K0PMbc;oXZmbc:tUnxGc;pXdRYb:L9OGUe;qQEoOc:KUM7Z;qafBPd:yDVVkb;qddgKe:xQtZb;sHdTOe:nSePib;twueg:ouk7y;vNjB7d:YTxL4;wR5FRb:siKnQd;wc73nd:kqeOEd;yxTchf:KUM7Z/dti=1/m=byfTOb,lsjVmc,LEikZe → 200 (81ms, 39681B)
[2026-08-18T21:10:10.445Z] GET https://www.gstatic.com/_/mss/boq-identity/_/js/k=boq-identity.AccountsSignInUi.en_US.B_Ku8wmEgiQ.es5.O/ck=boq-identity.AccountsSignInUi.JzVX5znjq3M.L.B1.O/am=EQEAAADfgDcSAOT__28AAAMItgO-ZwE0AUIGAAAAAAAAAACwAAAADQEE/d=1/exm=LEikZe,_b,_tp,byfTOb,lsjVmc/excm=_b,_tp,identifierview/ed=1/wt=2/ujg=1/rs=AOaEmlGjkcH7Ky_zB34oeuuHTVW7ZA5uGg/ee=ASJRFf:DAnQ7e;Al0B8:kibjWe;DaIJ8c:iAskyc;EVNhjf:pw70Gc;EkYFhd:GwYlN;EmZ2Bf:zr1jrb;JsbNhc:Xd8iUd;K5nYTd:ZDZcre;LBgRLc:XVMNvd;Me32dd:MEeYgc;NJ1rfe:yGfSdd;NPKaK:PVlQOd;NSEoX:lazG7b;Pjplud:EEDORb;QGR0gd:Mlhmy;Qi0VDf:vUyhef;SMDL4c:K0PMbc;SNUn3:ZwDk9d;ScI3Yc:e7Hzgb;UpnZUd:nnwwYc;Uvc8o:VDovNc;UyjXyd:qXkWrc;VlRiDf:j7ZRif;XdiAjb:NLiXbe;YIZmRd:A1yn5d;a56pNe:JEfCwb;cEt90b:ws9Tlc;dIoSBb:SpsfSb;dowIGb:ebZ3mb;eBAeSb:zbML3c;iFQyKf:vfuNJf;lGvXed:Gtn19d;lOO0Vd:OTA3Ae;nTuGK:JKNPM;oGtAuc:sOXFj;oSUNyd:K0PMbc;oXZmbc:tUnxGc;pXdRYb:L9OGUe;qQEoOc:KUM7Z;qafBPd:yDVVkb;qddgKe:xQtZb;sHdTOe:nSePib;twueg:ouk7y;vNjB7d:YTxL4;wR5FRb:siKnQd;wc73nd:kqeOEd;yxTchf:KUM7Z/dti=1/m=pxq3x → 200 (237ms, 37650B)
[2026-08-18T21:10:10.454Z] GET https://www.gstatic.com/_/mss/boq-identity/_/js/k=boq-identity.AccountsSignInUi.en_US.B_Ku8wmEgiQ.es5.O/ck=boq-identity.AccountsSignInUi.JzVX5znjq3M.L.B1.O/am=EQEAAADfgDcSAOT__28AAAMItgO-ZwE0AUIGAAAAAAAAAACwAAAADQEE/d=1/exm=LEikZe,_b,_tp,byfTOb,lsjVmc,pxq3x/excm=_b,_tp,identifierview/ed=1/wt=2/ujg=1/rs=AOaEmlGjkcH7Ky_zB34oeuuHTVW7ZA5uGg/ee=ASJRFf:DAnQ7e;Al0B8:kibjWe;DaIJ8c:iAskyc;EVNhjf:pw70Gc;EkYFhd:GwYlN;EmZ2Bf:zr1jrb;JsbNhc:Xd8iUd;K5nYTd:ZDZcre;LBgRLc:XVMNvd;Me32dd:MEeYgc;NJ1rfe:yGfSdd;NPKaK:PVlQOd;NSEoX:lazG7b;Pjplud:EEDORb;QGR0gd:Mlhmy;Qi0VDf:vUyhef;SMDL4c:K0PMbc;SNUn3:ZwDk9d;ScI3Yc:e7Hzgb;UpnZUd:nnwwYc;Uvc8o:VDovNc;UyjXyd:qXkWrc;VlRiDf:j7ZRif;XdiAjb:NLiXbe;YIZmRd:A1yn5d;a56pNe:JEfCwb;cEt90b:ws9Tlc;dIoSBb:SpsfSb;dowIGb:ebZ3mb;eBAeSb:zbML3c;iFQyKf:vfuNJf;lGvXed:Gtn19d;lOO0Vd:OTA3Ae;nTuGK:JKNPM;oGtAuc:sOXFj;oSUNyd:K0PMbc;oXZmbc:tUnxGc;pXdRYb:L9OGUe;qQEoOc:KUM7Z;qafBPd:yDVVkb;qddgKe:xQtZb;sHdTOe:nSePib;twueg:ouk7y;vNjB7d:YTxL4;wR5FRb:siKnQd;wc73nd:kqeOEd;yxTchf:KUM7Z/dti=1/m=n73qwf,SCuOPb,IZT63,YYmHzb,vfuNJf,UUJqVe,ws9Tlc,KUM7Z,siKnQd,gJzDyc,cciGGe,m9oV,vjKJJ,y5vRwf,DqMihc,K1ZKnb,ZSzced,lkFgGf,SD8Jgb,mvkUhe,CMcBD,Fndnac,t2srLd,EN3i8d,z0u0L,xiZRqc,L9OGUe,PrPYRd,MpJwZc,cYShmd,hc6Ubd,inNHtf,oLggrd,eWuMIe,WpP9Yc,xQtZb,lwddkf,SpsfSb,tUnxGc,EFQ78c,zbML3c,zr1jrb,vHEMJe,YTxL4,YHI3We,Uas9Hd,zy0vNb,K0PMbc,MY7mZe,qmdT9,GwYlN,NLiXbe,LDQI → pending (?ms, ?B)
[2026-08-18T21:10:10.455Z] GET https://www.gstatic.com/_/mss/boq-identity/_/js/k=boq-identity.AccountsSignInUi.en_US.B_Ku8wmEgiQ.es5.O/ck=boq-identity.AccountsSignInUi.JzVX5znjq3M.L.B1.O/am=EQEAAADfgDcSAOT__28AAAMItgO-ZwE0AUIGAAAAAAAAAACwAAAADQEE/d=1/exm=CMcBD,DqMihc,EFQ78c,EN3i8d,Fndnac,GwYlN,IZT63,K0PMbc,K1ZKnb,KUM7Z,L9OGUe,LDQI,LEikZe,MY7mZe,MpJwZc,NLiXbe,PrPYRd,SCuOPb,SD8Jgb,SpsfSb,UUJqVe,Uas9Hd,WpP9Yc,YHI3We,YTxL4,YYmHzb,ZSzced,_b,_tp,byfTOb,cYShmd,cciGGe,eWuMIe,gJzDyc,hc6Ubd,inNHtf,lkFgGf,lsjVmc,lwddkf,m9oV,mvkUhe,n73qwf,oLggrd,pxq3x,qmdT9,siKnQd,t2srLd,tUnxGc,vHEMJe,vfuNJf,vjKJJ,ws9Tlc,xQtZb,xiZRqc,y5vRwf,z0u0L,zbML3c,zr1jrb,zy0vNb/excm=_b,_tp,identifierview/ed=1/wt=2/ujg=1/rs=AOaEmlGjkcH7Ky_zB34oeuuHTVW7ZA5uGg/ee=ASJRFf:DAnQ7e;Al0B8:kibjWe;DaIJ8c:iAskyc;EVNhjf:pw70Gc;EkYFhd:GwYlN;EmZ2Bf:zr1jrb;JsbNhc:Xd8iUd;K5nYTd:ZDZcre;LBgRLc:XVMNvd;Me32dd:MEeYgc;NJ1rfe:yGfSdd;NPKaK:PVlQOd;NSEoX:lazG7b;Pjplud:EEDORb;QGR0gd:Mlhmy;Qi0VDf:vUyhef;SMDL4c:K0PMbc;SNUn3:ZwDk9d;ScI3Yc:e7Hzgb;UpnZUd:nnwwYc;Uvc8o:VDovNc;UyjXyd:qXkWrc;VlRiDf:j7ZRif;XdiAjb:NLiXbe;YIZmRd:A1yn5d;a56pNe:JEfCwb;cEt90b:ws9Tlc;dIoSBb:SpsfSb;dowIGb:ebZ3mb;eBAeSb:zbML3c;iFQyKf:vfuNJf;lGvXed:Gtn19d;lOO0Vd:OTA3Ae;nTuGK:JKNPM;oGtAuc:sOXFj;oSUNyd:K0PMbc;oXZmbc:tUnxGc;pXdRYb:L9OGUe;qQEoOc:KUM7Z;qafBPd:yDVVkb;qddgKe:xQtZb;sHdTOe:nSePib;twueg:ouk7y;vNjB7d:YTxL4;wR5FRb:siKnQd;wc73nd:kqeOEd;yxTchf:KUM7Z/dti=1/m=UMu52b,rmumx,E87wgc,qPYxq,Tbb4sb,f8Gu1e,soHxf,YgOFye,oqkvIf,aXwZ4c,yRXbo,bTi8wc,ywOR5c,PHUIyb → 200 (226ms, 6278B)
[2026-08-18T21:10:10.657Z] POST https://www.linkedin.com/li/track → pending (?ms, ?B)
[2026-08-18T21:10:11.914Z] GET https://www.gstatic.com/_/mss/boq-identity/_/js/k=boq-identity.AccountsSignInUi.en_US.B_Ku8wmEgiQ.es5.O/ck=boq-identity.AccountsSignInUi.JzVX5znjq3M.L.B1.O/am=EQEAAADfgDcSAOT__28AAAMItgO-ZwE0AUIGAAAAAAAAAACwAAAADQEE/d=1/exm=CMcBD,DqMihc,E87wgc,EFQ78c,EN3i8d,Fndnac,GwYlN,IZT63,K0PMbc,K1ZKnb,KUM7Z,L9OGUe,LDQI,LEikZe,MY7mZe,MpJwZc,NLiXbe,PHUIyb,PrPYRd,SCuOPb,SD8Jgb,SpsfSb,Tbb4sb,UMu52b,UUJqVe,Uas9Hd,WpP9Yc,YHI3We,YTxL4,YYmHzb,YgOFye,ZSzced,_b,_tp,aXwZ4c,bTi8wc,byfTOb,cYShmd,cciGGe,eWuMIe,f8Gu1e,gJzDyc,hc6Ubd,inNHtf,lkFgGf,lsjVmc,lwddkf,m9oV,mvkUhe,n73qwf,oLggrd,oqkvIf,pxq3x,qPYxq,qmdT9,rmumx,siKnQd,soHxf,t2srLd,tUnxGc,vHEMJe,vfuNJf,vjKJJ,ws9Tlc,xQtZb,xiZRqc,y5vRwf,yRXbo,ywOR5c,z0u0L,zbML3c,zr1jrb,zy0vNb/excm=_b,_tp,identifierview/ed=1/wt=2/ujg=1/rs=AOaEmlGjkcH7Ky_zB34oeuuHTVW7ZA5uGg/ee=ASJRFf:DAnQ7e;Al0B8:kibjWe;DaIJ8c:iAskyc;EVNhjf:pw70Gc;EkYFhd:GwYlN;EmZ2Bf:zr1jrb;JsbNhc:Xd8iUd;K5nYTd:ZDZcre;LBgRLc:XVMNvd;Me32dd:MEeYgc;NJ1rfe:yGfSdd;NPKaK:PVlQOd;NSEoX:lazG7b;Pjplud:EEDORb;QGR0gd:Mlhmy;Qi0VDf:vUyhef;SMDL4c:K0PMbc;SNUn3:ZwDk9d;ScI3Yc:e7Hzgb;UpnZUd:nnwwYc;Uvc8o:VDovNc;UyjXyd:qXkWrc;VlRiDf:j7ZRif;XdiAjb:NLiXbe;YIZmRd:A1yn5d;a56pNe:JEfCwb;cEt90b:ws9Tlc;dIoSBb:SpsfSb;dowIGb:ebZ3mb;eBAeSb:zbML3c;iFQyKf:vfuNJf;lGvXed:Gtn19d;lOO0Vd:OTA3Ae;nTuGK:JKNPM;oGtAuc:sOXFj;oSUNyd:K0PMbc;oXZmbc:tUnxGc;pXdRYb:L9OGUe;qQEoOc:KUM7Z;qafBPd:yDVVkb;qddgKe:xQtZb;sHdTOe:nSePib;twueg:ouk7y;vNjB7d:YTxL4;wR5FRb:siKnQd;wc73nd:kqeOEd;yxTchf:KUM7Z/dti=1/m=p3hmRc,LvGhrf,RqjULd → 200 (16ms, 28498B)
[2026-08-18T21:10:11.915Z] GET https://www.gstatic.com/_/mss/boq-identity/_/js/k=boq-identity.AccountsSignInUi.en_US.B_Ku8wmEgiQ.es5.O/ck=boq-identity.AccountsSignInUi.JzVX5znjq3M.L.B1.O/am=EQEAAADfgDcSAOT__28AAAMItgO-ZwE0AUIGAAAAAAAAAACwAAAADQEE/d=1/exm=CMcBD,DqMihc,E87wgc,EFQ78c,EN3i8d,Fndnac,GwYlN,IZT63,K0PMbc,K1ZKnb,KUM7Z,L9OGUe,LDQI,LEikZe,LvGhrf,MY7mZe,MpJwZc,NLiXbe,PHUIyb,PrPYRd,RqjULd,SCuOPb,SD8Jgb,SpsfSb,Tbb4sb,UMu52b,UUJqVe,Uas9Hd,WpP9Yc,YHI3We,YTxL4,YYmHzb,YgOFye,ZSzced,_b,_tp,aXwZ4c,bTi8wc,byfTOb,cYShmd,cciGGe,eWuMIe,f8Gu1e,gJzDyc,hc6Ubd,inNHtf,lkFgGf,lsjVmc,lwddkf,m9oV,mvkUhe,n73qwf,oLggrd,oqkvIf,p3hmRc,pxq3x,qPYxq,qmdT9,rmumx,siKnQd,soHxf,t2srLd,tUnxGc,vHEMJe,vfuNJf,vjKJJ,ws9Tlc,xQtZb,xiZRqc,y5vRwf,yRXbo,ywOR5c,z0u0L,zbML3c,zr1jrb,zy0vNb/excm=_b,_tp,identifierview/ed=1/wt=2/ujg=1/rs=AOaEmlGjkcH7Ky_zB34oeuuHTVW7ZA5uGg/ee=ASJRFf:DAnQ7e;Al0B8:kibjWe;DaIJ8c:iAskyc;EVNhjf:pw70Gc;EkYFhd:GwYlN;EmZ2Bf:zr1jrb;JsbNhc:Xd8iUd;K5nYTd:ZDZcre;LBgRLc:XVMNvd;Me32dd:MEeYgc;NJ1rfe:yGfSdd;NPKaK:PVlQOd;NSEoX:lazG7b;Pjplud:EEDORb;QGR0gd:Mlhmy;Qi0VDf:vUyhef;SMDL4c:K0PMbc;SNUn3:ZwDk9d;ScI3Yc:e7Hzgb;UpnZUd:nnwwYc;Uvc8o:VDovNc;UyjXyd:qXkWrc;VlRiDf:j7ZRif;XdiAjb:NLiXbe;YIZmRd:A1yn5d;a56pNe:JEfCwb;cEt90b:ws9Tlc;dIoSBb:SpsfSb;dowIGb:ebZ3mb;eBAeSb:zbML3c;iFQyKf:vfuNJf;lGvXed:Gtn19d;lOO0Vd:OTA3Ae;nTuGK:JKNPM;oGtAuc:sOXFj;oSUNyd:K0PMbc;oXZmbc:tUnxGc;pXdRYb:L9OGUe;qQEoOc:KUM7Z;qafBPd:yDVVkb;qddgKe:xQtZb;sHdTOe:nSePib;twueg:ouk7y;vNjB7d:YTxL4;wR5FRb:siKnQd;wc73nd:kqeOEd;yxTchf:KUM7Z/dti=1/m=ZwDk9d,RMhBfe → 200 (99ms, 3419B)
[2026-08-18T21:10:11.915Z] GET https://www.gstatic.com/_/mss/boq-identity/_/js/k=boq-identity.AccountsSignInUi.en_US.B_Ku8wmEgiQ.es5.O/ck=boq-identity.AccountsSignInUi.JzVX5znjq3M.L.B1.O/am=EQEAAADfgDcSAOT__28AAAMItgO-ZwE0AUIGAAAAAAAAAACwAAAADQEE/d=1/exm=CMcBD,DqMihc,E87wgc,EFQ78c,EN3i8d,Fndnac,GwYlN,IZT63,K0PMbc,K1ZKnb,KUM7Z,L9OGUe,LDQI,LEikZe,LvGhrf,MY7mZe,MpJwZc,NLiXbe,PHUIyb,PrPYRd,RMhBfe,RqjULd,SCuOPb,SD8Jgb,SpsfSb,Tbb4sb,UMu52b,UUJqVe,Uas9Hd,WpP9Yc,YHI3We,YTxL4,YYmHzb,YgOFye,ZSzced,ZwDk9d,_b,_tp,aXwZ4c,bTi8wc,byfTOb,cYShmd,cciGGe,eWuMIe,f8Gu1e,gJzDyc,hc6Ubd,inNHtf,lkFgGf,lsjVmc,lwddkf,m9oV,mvkUhe,n73qwf,oLggrd,oqkvIf,p3hmRc,pxq3x,qPYxq,qmdT9,rmumx,siKnQd,soHxf,t2srLd,tUnxGc,vHEMJe,vfuNJf,vjKJJ,ws9Tlc,xQtZb,xiZRqc,y5vRwf,yRXbo,ywOR5c,z0u0L,zbML3c,zr1jrb,zy0vNb/excm=_b,_tp,identifierview/ed=1/wt=2/ujg=1/rs=AOaEmlGjkcH7Ky_zB34oeuuHTVW7ZA5uGg/ee=ASJRFf:DAnQ7e;Al0B8:kibjWe;DaIJ8c:iAskyc;EVNhjf:pw70Gc;EkYFhd:GwYlN;EmZ2Bf:zr1jrb;JsbNhc:Xd8iUd;K5nYTd:ZDZcre;LBgRLc:XVMNvd;Me32dd:MEeYgc;NJ1rfe:yGfSdd;NPKaK:PVlQOd;NSEoX:lazG7b;Pjplud:EEDORb;QGR0gd:Mlhmy;Qi0VDf:vUyhef;SMDL4c:K0PMbc;SNUn3:ZwDk9d;ScI3Yc:e7Hzgb;UpnZUd:nnwwYc;Uvc8o:VDovNc;UyjXyd:qXkWrc;VlRiDf:j7ZRif;XdiAjb:NLiXbe;YIZmRd:A1yn5d;a56pNe:JEfCwb;cEt90b:ws9Tlc;dIoSBb:SpsfSb;dowIGb:ebZ3mb;eBAeSb:zbML3c;iFQyKf:vfuNJf;lGvXed:Gtn19d;lOO0Vd:OTA3Ae;nTuGK:JKNPM;oGtAuc:sOXFj;oSUNyd:K0PMbc;oXZmbc:tUnxGc;pXdRYb:L9OGUe;qQEoOc:KUM7Z;qafBPd:yDVVkb;qddgKe:xQtZb;sHdTOe:nSePib;twueg:ouk7y;vNjB7d:YTxL4;wR5FRb:siKnQd;wc73nd:kqeOEd;yxTchf:KUM7Z/dti=1/m=ZDZcre,w9hDv,A7fCU → 200 (99ms, 1516B)
[2026-08-18T21:10:11.915Z] GET https://www.gstatic.com/_/mss/boq-identity/_/js/k=boq-identity.AccountsSignInUi.en_US.B_Ku8wmEgiQ.es5.O/ck=boq-identity.AccountsSignInUi.JzVX5znjq3M.L.B1.O/am=EQEAAADfgDcSAOT__28AAAMItgO-ZwE0AUIGAAAAAAAAAACwAAAADQEE/d=1/exm=A7fCU,CMcBD,DqMihc,E87wgc,EFQ78c,EN3i8d,Fndnac,GwYlN,IZT63,K0PMbc,K1ZKnb,KUM7Z,L9OGUe,LDQI,LEikZe,LvGhrf,MY7mZe,MpJwZc,NLiXbe,PHUIyb,PrPYRd,RMhBfe,RqjULd,SCuOPb,SD8Jgb,SpsfSb,Tbb4sb,UMu52b,UUJqVe,Uas9Hd,WpP9Yc,YHI3We,YTxL4,YYmHzb,YgOFye,ZDZcre,ZSzced,ZwDk9d,_b,_tp,aXwZ4c,bTi8wc,byfTOb,cYShmd,cciGGe,eWuMIe,f8Gu1e,gJzDyc,hc6Ubd,inNHtf,lkFgGf,lsjVmc,lwddkf,m9oV,mvkUhe,n73qwf,oLggrd,oqkvIf,p3hmRc,pxq3x,qPYxq,qmdT9,rmumx,siKnQd,soHxf,t2srLd,tUnxGc,vHEMJe,vfuNJf,vjKJJ,w9hDv,ws9Tlc,xQtZb,xiZRqc,y5vRwf,yRXbo,ywOR5c,z0u0L,zbML3c,zr1jrb,zy0vNb/excm=_b,_tp,identifierview/ed=1/wt=2/ujg=1/rs=AOaEmlGjkcH7Ky_zB34oeuuHTVW7ZA5uGg/ee=ASJRFf:DAnQ7e;Al0B8:kibjWe;DaIJ8c:iAskyc;EVNhjf:pw70Gc;EkYFhd:GwYlN;EmZ2Bf:zr1jrb;JsbNhc:Xd8iUd;K5nYTd:ZDZcre;LBgRLc:XVMNvd;Me32dd:MEeYgc;NJ1rfe:yGfSdd;NPKaK:PVlQOd;NSEoX:lazG7b;Pjplud:EEDORb;QGR0gd:Mlhmy;Qi0VDf:vUyhef;SMDL4c:K0PMbc;SNUn3:ZwDk9d;ScI3Yc:e7Hzgb;UpnZUd:nnwwYc;Uvc8o:VDovNc;UyjXyd:qXkWrc;VlRiDf:j7ZRif;XdiAjb:NLiXbe;YIZmRd:A1yn5d;a56pNe:JEfCwb;cEt90b:ws9Tlc;dIoSBb:SpsfSb;dowIGb:ebZ3mb;eBAeSb:zbML3c;iFQyKf:vfuNJf;lGvXed:Gtn19d;lOO0Vd:OTA3Ae;nTuGK:JKNPM;oGtAuc:sOXFj;oSUNyd:K0PMbc;oXZmbc:tUnxGc;pXdRYb:L9OGUe;qQEoOc:KUM7Z;qafBPd:yDVVkb;qddgKe:xQtZb;sHdTOe:nSePib;twueg:ouk7y;vNjB7d:YTxL4;wR5FRb:siKnQd;wc73nd:kqeOEd;yxTchf:KUM7Z/dti=1/m=uKyK2e,iAskyc,ziXSP,tHIJ4c → 200 (137ms, 5344B)
[2026-08-18T21:10:11.919Z] GET https://www.gstatic.com/_/mss/boq-identity/_/js/k=boq-identity.AccountsSignInUi.en_US.B_Ku8wmEgiQ.es5.O/ck=boq-identity.AccountsSignInUi.JzVX5znjq3M.L.B1.O/am=EQEAAADfgDcSAOT__28AAAMItgO-ZwE0AUIGAAAAAAAAAACwAAAADQEE/d=1/exm=A7fCU,CMcBD,DqMihc,E87wgc,EFQ78c,EN3i8d,Fndnac,GwYlN,IZT63,K0PMbc,K1ZKnb,KUM7Z,L9OGUe,LDQI,LEikZe,LvGhrf,MY7mZe,MpJwZc,NLiXbe,PHUIyb,PrPYRd,RMhBfe,RqjULd,SCuOPb,SD8Jgb,SpsfSb,Tbb4sb,UMu52b,UUJqVe,Uas9Hd,WpP9Yc,YHI3We,YTxL4,YYmHzb,YgOFye,ZDZcre,ZSzced,ZwDk9d,_b,_tp,aXwZ4c,bTi8wc,byfTOb,cYShmd,cciGGe,eWuMIe,f8Gu1e,gJzDyc,hc6Ubd,iAskyc,inNHtf,lkFgGf,lsjVmc,lwddkf,m9oV,mvkUhe,n73qwf,oLggrd,oqkvIf,p3hmRc,pxq3x,qPYxq,qmdT9,rmumx,siKnQd,soHxf,t2srLd,tHIJ4c,tUnxGc,uKyK2e,vHEMJe,vfuNJf,vjKJJ,w9hDv,ws9Tlc,xQtZb,xiZRqc,y5vRwf,yRXbo,ywOR5c,z0u0L,zbML3c,ziXSP,zr1jrb,zy0vNb/excm=_b,_tp,identifierview/ed=1/wt=2/ujg=1/rs=AOaEmlGjkcH7Ky_zB34oeuuHTVW7ZA5uGg/ee=ASJRFf:DAnQ7e;Al0B8:kibjWe;DaIJ8c:iAskyc;EVNhjf:pw70Gc;EkYFhd:GwYlN;EmZ2Bf:zr1jrb;JsbNhc:Xd8iUd;K5nYTd:ZDZcre;LBgRLc:XVMNvd;Me32dd:MEeYgc;NJ1rfe:yGfSdd;NPKaK:PVlQOd;NSEoX:lazG7b;Pjplud:EEDORb;QGR0gd:Mlhmy;Qi0VDf:vUyhef;SMDL4c:K0PMbc;SNUn3:ZwDk9d;ScI3Yc:e7Hzgb;UpnZUd:nnwwYc;Uvc8o:VDovNc;UyjXyd:qXkWrc;VlRiDf:j7ZRif;XdiAjb:NLiXbe;YIZmRd:A1yn5d;a56pNe:JEfCwb;cEt90b:ws9Tlc;dIoSBb:SpsfSb;dowIGb:ebZ3mb;eBAeSb:zbML3c;iFQyKf:vfuNJf;lGvXed:Gtn19d;lOO0Vd:OTA3Ae;nTuGK:JKNPM;oGtAuc:sOXFj;oSUNyd:K0PMbc;oXZmbc:tUnxGc;pXdRYb:L9OGUe;qQEoOc:KUM7Z;qafBPd:yDVVkb;qddgKe:xQtZb;sHdTOe:nSePib;twueg:ouk7y;vNjB7d:YTxL4;wR5FRb:siKnQd;wc73nd:kqeOEd;yxTchf:KUM7Z/dti=1/m=P6sQOc → 200 (96ms, 2076B)
[2026-08-18T21:10:12.018Z] GET https://accounts.youtube.com/accounts/CheckConnection?pmpo=https%3A%2F%2Faccounts.google.com&v=783358244&timestamp=1787087412015 → 200 (505ms, 1275B)
[2026-08-18T21:10:12.055Z] GET https://accounts.google.com/_/bscframe → 200 (200ms, 15B)
[2026-08-18T21:10:12.055Z] POST https://accounts.google.com/v3/signin/_/AccountsSignInUi/data/batchexecute?rpcids=UEkKwb&source-path=%2Fv3%2Fsignin%2Fidentifier&f.sid=9078844955127931697&bl=boq_identityfrontendauthuiserver_20260816.00_p0&hl=en-US&dsh=S-1757777443%3A1787087408513956&_reqid=54613&rt=c → 200 (287ms, 144B)
[2026-08-18T21:10:12.310Z] GET https://accounts.google.com/generate_204?SPWUPA → 204 (96ms, ?B)
[2026-08-18T21:10:12.342Z] POST https://play.google.com/log?hasfast=true&authuser=0&format=json → 200 (204ms, 131B)
[2026-08-18T21:10:12.342Z] GET https://www.gstatic.com/_/mss/boq-identity/_/js/k=boq-identity.AccountsSignInUi.en_US.B_Ku8wmEgiQ.es5.O/ck=boq-identity.AccountsSignInUi.JzVX5znjq3M.L.B1.O/am=EQEAAADfgDcSAOT__28AAAMItgO-ZwE0AUIGAAAAAAAAAACwAAAADQEE/d=1/exm=A7fCU,CMcBD,DqMihc,E87wgc,EFQ78c,EN3i8d,Fndnac,GwYlN,IZT63,K0PMbc,K1ZKnb,KUM7Z,L9OGUe,LDQI,LEikZe,LvGhrf,MY7mZe,MpJwZc,NLiXbe,P6sQOc,PHUIyb,PrPYRd,RMhBfe,RqjULd,SCuOPb,SD8Jgb,SpsfSb,Tbb4sb,UMu52b,UUJqVe,Uas9Hd,WpP9Yc,YHI3We,YTxL4,YYmHzb,YgOFye,ZDZcre,ZSzced,ZwDk9d,_b,_tp,aXwZ4c,bTi8wc,byfTOb,cYShmd,cciGGe,eWuMIe,f8Gu1e,gJzDyc,hc6Ubd,iAskyc,inNHtf,lkFgGf,lsjVmc,lwddkf,m9oV,mvkUhe,n73qwf,oLggrd,oqkvIf,p3hmRc,pxq3x,qPYxq,qmdT9,rmumx,siKnQd,soHxf,t2srLd,tHIJ4c,tUnxGc,uKyK2e,vHEMJe,vfuNJf,vjKJJ,w9hDv,ws9Tlc,xQtZb,xiZRqc,y5vRwf,yRXbo,ywOR5c,z0u0L,zbML3c,ziXSP,zr1jrb,zy0vNb/excm=_b,_tp,identifierview/ed=1/wt=2/ujg=1/rs=AOaEmlGjkcH7Ky_zB34oeuuHTVW7ZA5uGg/ee=ASJRFf:DAnQ7e;Al0B8:kibjWe;DaIJ8c:iAskyc;EVNhjf:pw70Gc;EkYFhd:GwYlN;EmZ2Bf:zr1jrb;JsbNhc:Xd8iUd;K5nYTd:ZDZcre;LBgRLc:XVMNvd;Me32dd:MEeYgc;NJ1rfe:yGfSdd;NPKaK:PVlQOd;NSEoX:lazG7b;Pjplud:EEDORb;QGR0gd:Mlhmy;Qi0VDf:vUyhef;SMDL4c:K0PMbc;SNUn3:ZwDk9d;ScI3Yc:e7Hzgb;UpnZUd:nnwwYc;Uvc8o:VDovNc;UyjXyd:qXkWrc;VlRiDf:j7ZRif;XdiAjb:NLiXbe;YIZmRd:A1yn5d;a56pNe:JEfCwb;cEt90b:ws9Tlc;dIoSBb:SpsfSb;dowIGb:ebZ3mb;eBAeSb:zbML3c;iFQyKf:vfuNJf;lGvXed:Gtn19d;lOO0Vd:OTA3Ae;nTuGK:JKNPM;oGtAuc:sOXFj;oSUNyd:K0PMbc;oXZmbc:tUnxGc;pXdRYb:L9OGUe;qQEoOc:KUM7Z;qafBPd:yDVVkb;qddgKe:xQtZb;sHdTOe:nSePib;twueg:ouk7y;vNjB7d:YTxL4;wR5FRb:siKnQd;wc73nd:kqeOEd;yxTchf:KUM7Z/dti=1/m=wg1P6b → 200 (38ms, 5245B)
[2026-08-18T21:10:12.343Z] POST https://play.google.com/log?hasfast=true&authuser=0&format=json → 200 (203ms, 131B)
[2026-08-18T21:10:12.628Z] GET https://www.gstatic.com/_/mss/boq-identity/_/js/k=boq-identity.AccountsSignInUi.en_US.B_Ku8wmEgiQ.es5.O/ck=boq-identity.AccountsSignInUi.JzVX5znjq3M.L.B1.O/am=EQEAAADfgDcSAOT__28AAAMItgO-ZwE0AUIGAAAAAAAAAACwAAAADQEE/d=1/exm=A7fCU,CMcBD,DqMihc,E87wgc,EFQ78c,EN3i8d,Fndnac,GwYlN,IZT63,K0PMbc,K1ZKnb,KUM7Z,L9OGUe,LDQI,LEikZe,LvGhrf,MY7mZe,MpJwZc,NLiXbe,P6sQOc,PHUIyb,PrPYRd,RMhBfe,RqjULd,SCuOPb,SD8Jgb,SpsfSb,Tbb4sb,UMu52b,UUJqVe,Uas9Hd,WpP9Yc,YHI3We,YTxL4,YYmHzb,YgOFye,ZDZcre,ZSzced,ZwDk9d,_b,_tp,aXwZ4c,bTi8wc,byfTOb,cYShmd,cciGGe,eWuMIe,f8Gu1e,gJzDyc,hc6Ubd,iAskyc,inNHtf,lkFgGf,lsjVmc,lwddkf,m9oV,mvkUhe,n73qwf,oLggrd,oqkvIf,p3hmRc,pxq3x,qPYxq,qmdT9,rmumx,siKnQd,soHxf,t2srLd,tHIJ4c,tUnxGc,uKyK2e,vHEMJe,vfuNJf,vjKJJ,w9hDv,wg1P6b,ws9Tlc,xQtZb,xiZRqc,y5vRwf,yRXbo,ywOR5c,z0u0L,zbML3c,ziXSP,zr1jrb,zy0vNb/excm=_b,_tp,identifierview/ed=1/wt=2/ujg=1/rs=AOaEmlGjkcH7Ky_zB34oeuuHTVW7ZA5uGg/ee=ASJRFf:DAnQ7e;Al0B8:kibjWe;DaIJ8c:iAskyc;EVNhjf:pw70Gc;EkYFhd:GwYlN;EmZ2Bf:zr1jrb;JsbNhc:Xd8iUd;K5nYTd:ZDZcre;LBgRLc:XVMNvd;Me32dd:MEeYgc;NJ1rfe:yGfSdd;NPKaK:PVlQOd;NSEoX:lazG7b;Pjplud:EEDORb;QGR0gd:Mlhmy;Qi0VDf:vUyhef;SMDL4c:K0PMbc;SNUn3:ZwDk9d;ScI3Yc:e7Hzgb;UpnZUd:nnwwYc;Uvc8o:VDovNc;UyjXyd:qXkWrc;VlRiDf:j7ZRif;XdiAjb:NLiXbe;YIZmRd:A1yn5d;a56pNe:JEfCwb;cEt90b:ws9Tlc;dIoSBb:SpsfSb;dowIGb:ebZ3mb;eBAeSb:zbML3c;iFQyKf:vfuNJf;lGvXed:Gtn19d;lOO0Vd:OTA3Ae;nTuGK:JKNPM;oGtAuc:sOXFj;oSUNyd:K0PMbc;oXZmbc:tUnxGc;pXdRYb:L9OGUe;qQEoOc:KUM7Z;qafBPd:yDVVkb;qddgKe:xQtZb;sHdTOe:nSePib;twueg:ouk7y;vNjB7d:YTxL4;wR5FRb:siKnQd;wc73nd:kqeOEd;yxTchf:KUM7Z/dti=1/m=Wt6vjf,hhhU8,FCpbqb,WhJNk → 200 (217ms, 3519B)
[2026-08-18T21:10:12.660Z] POST https://www.linkedin.com/li/track → 200 (186ms, ?B)
[2026-08-18T21:10:14.657Z] POST https://www.linkedin.com/li/track → pending (?ms, ?B)
[2026-08-18T21:10:14.901Z] POST https://accounts.google.com/v3/signin/_/AccountsSignInUi/browserinfo?f.sid=9078844955127931697&bl=boq_identityfrontendauthuiserver_20260816.00_p0&hl=en-US&dsh=S-1757777443%3A1787087408513956&_reqid=154613&rt=j → 200 (232ms, 92B)
[2026-08-18T21:10:16.657Z] POST https://www.linkedin.com/li/track → 200 (183ms, ?B)
[2026-08-18T21:10:16.811Z] POST https://accounts.google.com/v3/signin/_/AccountsSignInUi/data/batchexecute?rpcids=MI613e&source-path=%2Fv3%2Fsignin%2Fidentifier&f.sid=9078844955127931697&bl=boq_identityfrontendauthuiserver_20260816.00_p0&hl=en-US&dsh=S-1757777443%3A1787087408513956&_reqid=254613&rt=c → pending (?ms, ?B)
[2026-08-18T21:10:16.813Z] POST https://play.google.com/log?hasfast=true&authuser=0&format=json → pending (?ms, ?B)
[2026-08-18T21:10:17.562Z] GET https://www.gstatic.com/_/mss/boq-identity/_/js/k=boq-identity.AccountsSignInUi.en_US.B_Ku8wmEgiQ.es5.O/ck=boq-identity.AccountsSignInUi.JzVX5znjq3M.L.B1.O/am=EQEAAADfgDcSAOT__28AAAMItgO-ZwE0AUIGAAAAAAAAAACwAAAADQEE/d=1/exm=A7fCU,CMcBD,DqMihc,E87wgc,EFQ78c,EN3i8d,FCpbqb,Fndnac,GwYlN,IZT63,K0PMbc,K1ZKnb,KUM7Z,L9OGUe,LDQI,LEikZe,LvGhrf,MY7mZe,MpJwZc,NLiXbe,P6sQOc,PHUIyb,PrPYRd,RMhBfe,RqjULd,SCuOPb,SD8Jgb,SpsfSb,Tbb4sb,UMu52b,UUJqVe,Uas9Hd,WhJNk,WpP9Yc,Wt6vjf,YHI3We,YTxL4,YYmHzb,YgOFye,ZDZcre,ZSzced,ZwDk9d,_b,_tp,aXwZ4c,bTi8wc,byfTOb,cYShmd,cciGGe,eWuMIe,f8Gu1e,gJzDyc,hc6Ubd,hhhU8,iAskyc,inNHtf,lkFgGf,lsjVmc,lwddkf,m9oV,mvkUhe,n73qwf,oLggrd,oqkvIf,p3hmRc,pxq3x,qPYxq,qmdT9,rmumx,siKnQd,soHxf,t2srLd,tHIJ4c,tUnxGc,uKyK2e,vHEMJe,vfuNJf,vjKJJ,w9hDv,wg1P6b,ws9Tlc,xQtZb,xiZRqc,y5vRwf,yRXbo,ywOR5c,z0u0L,zbML3c,ziXSP,zr1jrb,zy0vNb/excm=_b,_tp,identifierview/ed=1/wt=2/ujg=1/rs=AOaEmlGjkcH7Ky_zB34oeuuHTVW7ZA5uGg/ee=ASJRFf:DAnQ7e;Al0B8:kibjWe;DaIJ8c:iAskyc;EVNhjf:pw70Gc;EkYFhd:GwYlN;EmZ2Bf:zr1jrb;JsbNhc:Xd8iUd;K5nYTd:ZDZcre;LBgRLc:XVMNvd;Me32dd:MEeYgc;NJ1rfe:yGfSdd;NPKaK:PVlQOd;NSEoX:lazG7b;Pjplud:EEDORb;QGR0gd:Mlhmy;Qi0VDf:vUyhef;SMDL4c:K0PMbc;SNUn3:ZwDk9d;ScI3Yc:e7Hzgb;UpnZUd:nnwwYc;Uvc8o:VDovNc;UyjXyd:qXkWrc;VlRiDf:j7ZRif;XdiAjb:NLiXbe;YIZmRd:A1yn5d;a56pNe:JEfCwb;cEt90b:ws9Tlc;dIoSBb:SpsfSb;dowIGb:ebZ3mb;eBAeSb:zbML3c;iFQyKf:vfuNJf;lGvXed:Gtn19d;lOO0Vd:OTA3Ae;nTuGK:JKNPM;oGtAuc:sOXFj;oSUNyd:K0PMbc;oXZmbc:tUnxGc;pXdRYb:L9OGUe;qQEoOc:KUM7Z;qafBPd:yDVVkb;qddgKe:xQtZb;sHdTOe:nSePib;twueg:ouk7y;vNjB7d:YTxL4;wR5FRb:siKnQd;wc73nd:kqeOEd;yxTchf:KUM7Z/dti=1/m=sOXFj,q0xTif,trs4le,OTcFib → 200 (120ms, 82575B)
[2026-08-18T21:10:17.562Z] POST https://accounts.google.com/v3/signin/_/AccountsSignInUi/data/batchexecute?rpcids=WZfWSd%2CAho3hb%2CRzSO2e&source-path=%2Fv3%2Fsignin%2Fchallenge%2Fpk&f.sid=9078844955127931697&bl=boq_identityfrontendauthuiserver_20260816.00_p0&hl=en-US&TL=ACv9tzGlKmvNwVVAFhvwBuoOUw6oAP8c8Sx1X1Hg6V7VMNa-OvA_szdoBMspkoAb&dsh=S-1757777443%3A1787087408513956&_reqid=354613&rt=c → 200 (219ms, 12517B)
[2026-08-18T21:10:17.814Z] GET https://www.gstatic.com/_/mss/boq-identity/_/js/k=boq-identity.AccountsSignInUi.en_US.B_Ku8wmEgiQ.es5.O/ck=boq-identity.AccountsSignInUi.JzVX5znjq3M.L.B1.O/am=EQEAAADfgDcSAOT__28AAAMItgO-ZwE0AUIGAAAAAAAAAACwAAAADQEE/d=1/exm=A7fCU,CMcBD,DqMihc,E87wgc,EFQ78c,EN3i8d,FCpbqb,Fndnac,GwYlN,IZT63,K0PMbc,K1ZKnb,KUM7Z,L9OGUe,LDQI,LEikZe,LvGhrf,MY7mZe,MpJwZc,NLiXbe,OTcFib,P6sQOc,PHUIyb,PrPYRd,RMhBfe,RqjULd,SCuOPb,SD8Jgb,SpsfSb,Tbb4sb,UMu52b,UUJqVe,Uas9Hd,WhJNk,WpP9Yc,Wt6vjf,YHI3We,YTxL4,YYmHzb,YgOFye,ZDZcre,ZSzced,ZwDk9d,_b,_tp,aXwZ4c,bTi8wc,byfTOb,cYShmd,cciGGe,eWuMIe,f8Gu1e,gJzDyc,hc6Ubd,hhhU8,iAskyc,inNHtf,lkFgGf,lsjVmc,lwddkf,m9oV,mvkUhe,n73qwf,oLggrd,oqkvIf,p3hmRc,pxq3x,q0xTif,qPYxq,qmdT9,rmumx,sOXFj,siKnQd,soHxf,t2srLd,tHIJ4c,tUnxGc,trs4le,uKyK2e,vHEMJe,vfuNJf,vjKJJ,w9hDv,wg1P6b,ws9Tlc,xQtZb,xiZRqc,y5vRwf,yRXbo,ywOR5c,z0u0L,zbML3c,ziXSP,zr1jrb,zy0vNb/excm=_b,_tp,identifierview/ed=1/wt=2/ujg=1/rs=AOaEmlGjkcH7Ky_zB34oeuuHTVW7ZA5uGg/ee=ASJRFf:DAnQ7e;Al0B8:kibjWe;DaIJ8c:iAskyc;EVNhjf:pw70Gc;EkYFhd:GwYlN;EmZ2Bf:zr1jrb;JsbNhc:Xd8iUd;K5nYTd:ZDZcre;LBgRLc:XVMNvd;Me32dd:MEeYgc;NJ1rfe:yGfSdd;NPKaK:PVlQOd;NSEoX:lazG7b;Pjplud:EEDORb;QGR0gd:Mlhmy;Qi0VDf:vUyhef;SMDL4c:K0PMbc;SNUn3:ZwDk9d;ScI3Yc:e7Hzgb;UpnZUd:nnwwYc;Uvc8o:VDovNc;UyjXyd:qXkWrc;VlRiDf:j7ZRif;XdiAjb:NLiXbe;YIZmRd:A1yn5d;a56pNe:JEfCwb;cEt90b:ws9Tlc;dIoSBb:SpsfSb;dowIGb:ebZ3mb;eBAeSb:zbML3c;iFQyKf:vfuNJf;lGvXed:Gtn19d;lOO0Vd:OTA3Ae;nTuGK:JKNPM;oGtAuc:sOXFj;oSUNyd:K0PMbc;oXZmbc:tUnxGc;pXdRYb:L9OGUe;qQEoOc:KUM7Z;qafBPd:yDVVkb;qddgKe:xQtZb;sHdTOe:nSePib;twueg:ouk7y;vNjB7d:YTxL4;wR5FRb:siKnQd;wc73nd:kqeOEd;yxTchf:KUM7Z/dti=1/m=Fw4s1 → 200 (79ms, ?B)
[2026-08-18T21:10:17.814Z] GET https://www.gstatic.com/_/mss/boq-identity/_/js/k=boq-identity.AccountsSignInUi.en_US.B_Ku8wmEgiQ.es5.O/ck=boq-identity.AccountsSignInUi.JzVX5znjq3M.L.B1.O/am=EQEAAADfgDcSAOT__28AAAMItgO-ZwE0AUIGAAAAAAAAAACwAAAADQEE/d=1/exm=A7fCU,CMcBD,DqMihc,E87wgc,EFQ78c,EN3i8d,FCpbqb,Fndnac,Fw4s1,GwYlN,IZT63,K0PMbc,K1ZKnb,KUM7Z,L9OGUe,LDQI,LEikZe,LvGhrf,MY7mZe,MpJwZc,NLiXbe,OTcFib,P6sQOc,PHUIyb,PrPYRd,RMhBfe,RqjULd,SCuOPb,SD8Jgb,SpsfSb,Tbb4sb,UMu52b,UUJqVe,Uas9Hd,WhJNk,WpP9Yc,Wt6vjf,YHI3We,YTxL4,YYmHzb,YgOFye,ZDZcre,ZSzced,ZwDk9d,_b,_tp,aXwZ4c,bTi8wc,byfTOb,cYShmd,cciGGe,eWuMIe,f8Gu1e,gJzDyc,hc6Ubd,hhhU8,iAskyc,inNHtf,lkFgGf,lsjVmc,lwddkf,m9oV,mvkUhe,n73qwf,oLggrd,oqkvIf,p3hmRc,pxq3x,q0xTif,qPYxq,qmdT9,rmumx,sOXFj,siKnQd,soHxf,t2srLd,tHIJ4c,tUnxGc,trs4le,uKyK2e,vHEMJe,vfuNJf,vjKJJ,w9hDv,wg1P6b,ws9Tlc,xQtZb,xiZRqc,y5vRwf,yRXbo,ywOR5c,z0u0L,zbML3c,ziXSP,zr1jrb,zy0vNb/excm=_b,_tp,identifierview/ed=1/wt=2/ujg=1/rs=AOaEmlGjkcH7Ky_zB34oeuuHTVW7ZA5uGg/ee=ASJRFf:DAnQ7e;Al0B8:kibjWe;DaIJ8c:iAskyc;EVNhjf:pw70Gc;EkYFhd:GwYlN;EmZ2Bf:zr1jrb;JsbNhc:Xd8iUd;K5nYTd:ZDZcre;LBgRLc:XVMNvd;Me32dd:MEeYgc;NJ1rfe:yGfSdd;NPKaK:PVlQOd;NSEoX:lazG7b;Pjplud:EEDORb;QGR0gd:Mlhmy;Qi0VDf:vUyhef;SMDL4c:K0PMbc;SNUn3:ZwDk9d;ScI3Yc:e7Hzgb;UpnZUd:nnwwYc;Uvc8o:VDovNc;UyjXyd:qXkWrc;VlRiDf:j7ZRif;XdiAjb:NLiXbe;YIZmRd:A1yn5d;a56pNe:JEfCwb;cEt90b:ws9Tlc;dIoSBb:SpsfSb;dowIGb:ebZ3mb;eBAeSb:zbML3c;iFQyKf:vfuNJf;lGvXed:Gtn19d;lOO0Vd:OTA3Ae;nTuGK:JKNPM;oGtAuc:sOXFj;oSUNyd:K0PMbc;oXZmbc:tUnxGc;pXdRYb:L9OGUe;qQEoOc:KUM7Z;qafBPd:yDVVkb;qddgKe:xQtZb;sHdTOe:nSePib;twueg:ouk7y;vNjB7d:YTxL4;wR5FRb:siKnQd;wc73nd:kqeOEd;yxTchf:KUM7Z/dti=1/m=k5xHfe → pending (?ms, ?B)
[2026-08-18T21:10:18.190Z] POST https://play.google.com/log?format=json&hasfast=true&authuser=0 → 200 (109ms, 131B)
[2026-08-18T21:10:18.658Z] POST https://www.linkedin.com/li/track → 200 (161ms, ?B)
[2026-08-18T21:10:19.449Z] POST https://accounts.google.com/v3/signin/_/AccountsSignInUi/data/batchexecute?rpcids=B4hajb&source-path=%2Fv3%2Fsignin%2Fchallenge%2Fpk&f.sid=9078844955127931697&bl=boq_identityfrontendauthuiserver_20260816.00_p0&hl=en-US&TL=ACv9tzGlKmvNwVVAFhvwBuoOUw6oAP8c8Sx1X1Hg6V7VMNa-OvA_szdoBMspkoAb&dsh=S-1757777443%3A1787087408513956&_reqid=454613&rt=c → 200 (347ms, 12017B)
[2026-08-18T21:10:19.836Z] GET https://www.gstatic.com/_/mss/boq-identity/_/js/k=boq-identity.AccountsSignInUi.en_US.B_Ku8wmEgiQ.es5.O/ck=boq-identity.AccountsSignInUi.JzVX5znjq3M.L.B1.O/am=EQEAAADfgDcSAOT__28AAAMItgO-ZwE0AUIGAAAAAAAAAACwAAAADQEE/d=1/exm=A7fCU,CMcBD,DqMihc,E87wgc,EFQ78c,EN3i8d,FCpbqb,Fndnac,Fw4s1,GwYlN,IZT63,K0PMbc,K1ZKnb,KUM7Z,L9OGUe,LDQI,LEikZe,LvGhrf,MY7mZe,MpJwZc,NLiXbe,OTcFib,P6sQOc,PHUIyb,PrPYRd,RMhBfe,RqjULd,SCuOPb,SD8Jgb,SpsfSb,Tbb4sb,UMu52b,UUJqVe,Uas9Hd,WhJNk,WpP9Yc,Wt6vjf,YHI3We,YTxL4,YYmHzb,YgOFye,ZDZcre,ZSzced,ZwDk9d,_b,_tp,aXwZ4c,bTi8wc,byfTOb,cYShmd,cciGGe,eWuMIe,f8Gu1e,gJzDyc,hc6Ubd,hhhU8,iAskyc,inNHtf,k5xHfe,lkFgGf,lsjVmc,lwddkf,m9oV,mvkUhe,n73qwf,oLggrd,oqkvIf,p3hmRc,pxq3x,q0xTif,qPYxq,qmdT9,rmumx,sOXFj,siKnQd,soHxf,t2srLd,tHIJ4c,tUnxGc,trs4le,uKyK2e,vHEMJe,vfuNJf,vjKJJ,w9hDv,wg1P6b,ws9Tlc,xQtZb,xiZRqc,y5vRwf,yRXbo,ywOR5c,z0u0L,zbML3c,ziXSP,zr1jrb,zy0vNb/excm=_b,_tp,identifierview/ed=1/wt=2/ujg=1/rs=AOaEmlGjkcH7Ky_zB34oeuuHTVW7ZA5uGg/ee=ASJRFf:DAnQ7e;Al0B8:kibjWe;DaIJ8c:iAskyc;EVNhjf:pw70Gc;EkYFhd:GwYlN;EmZ2Bf:zr1jrb;JsbNhc:Xd8iUd;K5nYTd:ZDZcre;LBgRLc:XVMNvd;Me32dd:MEeYgc;NJ1rfe:yGfSdd;NPKaK:PVlQOd;NSEoX:lazG7b;Pjplud:EEDORb;QGR0gd:Mlhmy;Qi0VDf:vUyhef;SMDL4c:K0PMbc;SNUn3:ZwDk9d;ScI3Yc:e7Hzgb;UpnZUd:nnwwYc;Uvc8o:VDovNc;UyjXyd:qXkWrc;VlRiDf:j7ZRif;XdiAjb:NLiXbe;YIZmRd:A1yn5d;a56pNe:JEfCwb;cEt90b:ws9Tlc;dIoSBb:SpsfSb;dowIGb:ebZ3mb;eBAeSb:zbML3c;iFQyKf:vfuNJf;lGvXed:Gtn19d;lOO0Vd:OTA3Ae;nTuGK:JKNPM;oGtAuc:sOXFj;oSUNyd:K0PMbc;oXZmbc:tUnxGc;pXdRYb:L9OGUe;qQEoOc:KUM7Z;qafBPd:yDVVkb;qddgKe:xQtZb;sHdTOe:nSePib;twueg:ouk7y;vNjB7d:YTxL4;wR5FRb:siKnQd;wc73nd:kqeOEd;yxTchf:KUM7Z/dti=1/m=Fl9mec → pending (?ms, ?B)
[2026-08-18T21:10:19.837Z] POST https://accounts.google.com/v3/signin/_/AccountsSignInUi/data/batchexecute?rpcids=WZfWSd&source-path=%2Fv3%2Fsignin%2Fchallenge%2Fpk%2Fpresend&f.sid=9078844955127931697&bl=boq_identityfrontendauthuiserver_20260816.00_p0&hl=en-US&TL=ACv9tzGlKmvNwVVAFhvwBuoOUw6oAP8c8Sx1X1Hg6V7VMNa-OvA_szdoBMspkoAb&dsh=S-1757777443%3A1787087408513956&_reqid=554613&rt=c → pending (?ms, ?B)
[2026-08-18T21:10:20.125Z] GET https://ssl.gstatic.com/accounts/marc/passkey_challenge.svg → 200 (738ms, 8593B)
[2026-08-18T21:10:20.126Z] GET https://www.gstatic.com/_/mss/boq-identity/_/js/k=boq-identity.AccountsSignInUi.en_US.B_Ku8wmEgiQ.es5.O/ck=boq-identity.AccountsSignInUi.JzVX5znjq3M.L.B1.O/am=EQEAAADfgDcSAOT__28AAAMItgO-ZwE0AUIGAAAAAAAAAACwAAAADQEE/d=1/exm=A7fCU,CMcBD,DqMihc,E87wgc,EFQ78c,EN3i8d,FCpbqb,Fl9mec,Fndnac,Fw4s1,GwYlN,IZT63,K0PMbc,K1ZKnb,KUM7Z,L9OGUe,LDQI,LEikZe,LvGhrf,MY7mZe,MpJwZc,NLiXbe,OTcFib,P6sQOc,PHUIyb,PrPYRd,RMhBfe,RqjULd,SCuOPb,SD8Jgb,SpsfSb,Tbb4sb,UMu52b,UUJqVe,Uas9Hd,WhJNk,WpP9Yc,Wt6vjf,YHI3We,YTxL4,YYmHzb,YgOFye,ZDZcre,ZSzced,ZwDk9d,_b,_tp,aXwZ4c,bTi8wc,byfTOb,cYShmd,cciGGe,eWuMIe,f8Gu1e,gJzDyc,hc6Ubd,hhhU8,iAskyc,inNHtf,k5xHfe,lkFgGf,lsjVmc,lwddkf,m9oV,mvkUhe,n73qwf,oLggrd,oqkvIf,p3hmRc,pxq3x,q0xTif,qPYxq,qmdT9,rmumx,sOXFj,siKnQd,soHxf,t2srLd,tHIJ4c,tUnxGc,trs4le,uKyK2e,vHEMJe,vfuNJf,vjKJJ,w9hDv,wg1P6b,ws9Tlc,xQtZb,xiZRqc,y5vRwf,yRXbo,ywOR5c,z0u0L,zbML3c,ziXSP,zr1jrb,zy0vNb/excm=_b,_tp,identifierview/ed=1/wt=2/ujg=1/rs=AOaEmlGjkcH7Ky_zB34oeuuHTVW7ZA5uGg/ee=ASJRFf:DAnQ7e;Al0B8:kibjWe;DaIJ8c:iAskyc;EVNhjf:pw70Gc;EkYFhd:GwYlN;EmZ2Bf:zr1jrb;JsbNhc:Xd8iUd;K5nYTd:ZDZcre;LBgRLc:XVMNvd;Me32dd:MEeYgc;NJ1rfe:yGfSdd;NPKaK:PVlQOd;NSEoX:lazG7b;Pjplud:EEDORb;QGR0gd:Mlhmy;Qi0VDf:vUyhef;SMDL4c:K0PMbc;SNUn3:ZwDk9d;ScI3Yc:e7Hzgb;UpnZUd:nnwwYc;Uvc8o:VDovNc;UyjXyd:qXkWrc;VlRiDf:j7ZRif;XdiAjb:NLiXbe;YIZmRd:A1yn5d;a56pNe:JEfCwb;cEt90b:ws9Tlc;dIoSBb:SpsfSb;dowIGb:ebZ3mb;eBAeSb:zbML3c;iFQyKf:vfuNJf;lGvXed:Gtn19d;lOO0Vd:OTA3Ae;nTuGK:JKNPM;oGtAuc:sOXFj;oSUNyd:K0PMbc;oXZmbc:tUnxGc;pXdRYb:L9OGUe;qQEoOc:KUM7Z;qafBPd:yDVVkb;qddgKe:xQtZb;sHdTOe:nSePib;twueg:ouk7y;vNjB7d:YTxL4;wR5FRb:siKnQd;wc73nd:kqeOEd;yxTchf:KUM7Z/dti=1/m=bof6ke → 200 (424ms, 699B)
[2026-08-18T21:10:20.657Z] POST https://www.linkedin.com/li/track → 200 (167ms, ?B)
[2026-08-18T21:10:21.904Z] POST https://play.google.com/log?format=json&hasfast=true&authuser=0 → pending (?ms, ?B)
[2026-08-18T21:10:22.662Z] POST https://www.linkedin.com/li/track → pending (?ms, ?B)
[2026-08-18T21:10:24.215Z] POST https://accounts.google.com/v3/signin/_/AccountsSignInUi/data/batchexecute?rpcids=B4hajb&source-path=%2Fv3%2Fsignin%2Fchallenge%2Fpk%2Fpresend&f.sid=9078844955127931697&bl=boq_identityfrontendauthuiserver_20260816.00_p0&hl=en-US&TL=ACv9tzGlKmvNwVVAFhvwBuoOUw6oAP8c8Sx1X1Hg6V7VMNa-OvA_szdoBMspkoAb&dsh=S-1757777443%3A1787087408513956&_reqid=654613&rt=c → 200 (233ms, 12016B)
[2026-08-18T21:10:24.491Z] GET https://www.gstatic.com/_/mss/boq-identity/_/js/k=boq-identity.AccountsSignInUi.en_US.B_Ku8wmEgiQ.es5.O/ck=boq-identity.AccountsSignInUi.JzVX5znjq3M.L.B1.O/am=EQEAAADfgDcSAOT__28AAAMItgO-ZwE0AUIGAAAAAAAAAACwAAAADQEE/d=1/exm=A7fCU,CMcBD,DqMihc,E87wgc,EFQ78c,EN3i8d,FCpbqb,Fl9mec,Fndnac,Fw4s1,GwYlN,IZT63,K0PMbc,K1ZKnb,KUM7Z,L9OGUe,LDQI,LEikZe,LvGhrf,MY7mZe,MpJwZc,NLiXbe,OTcFib,P6sQOc,PHUIyb,PrPYRd,RMhBfe,RqjULd,SCuOPb,SD8Jgb,SpsfSb,Tbb4sb,UMu52b,UUJqVe,Uas9Hd,WhJNk,WpP9Yc,Wt6vjf,YHI3We,YTxL4,YYmHzb,YgOFye,ZDZcre,ZSzced,ZwDk9d,_b,_tp,aXwZ4c,bTi8wc,bof6ke,byfTOb,cYShmd,cciGGe,eWuMIe,f8Gu1e,gJzDyc,hc6Ubd,hhhU8,iAskyc,inNHtf,k5xHfe,lkFgGf,lsjVmc,lwddkf,m9oV,mvkUhe,n73qwf,oLggrd,oqkvIf,p3hmRc,pxq3x,q0xTif,qPYxq,qmdT9,rmumx,sOXFj,siKnQd,soHxf,t2srLd,tHIJ4c,tUnxGc,trs4le,uKyK2e,vHEMJe,vfuNJf,vjKJJ,w9hDv,wg1P6b,ws9Tlc,xQtZb,xiZRqc,y5vRwf,yRXbo,ywOR5c,z0u0L,zbML3c,ziXSP,zr1jrb,zy0vNb/excm=_b,_tp,identifierview/ed=1/wt=2/ujg=1/rs=AOaEmlGjkcH7Ky_zB34oeuuHTVW7ZA5uGg/ee=ASJRFf:DAnQ7e;Al0B8:kibjWe;DaIJ8c:iAskyc;EVNhjf:pw70Gc;EkYFhd:GwYlN;EmZ2Bf:zr1jrb;JsbNhc:Xd8iUd;K5nYTd:ZDZcre;LBgRLc:XVMNvd;Me32dd:MEeYgc;NJ1rfe:yGfSdd;NPKaK:PVlQOd;NSEoX:lazG7b;Pjplud:EEDORb;QGR0gd:Mlhmy;Qi0VDf:vUyhef;SMDL4c:K0PMbc;SNUn3:ZwDk9d;ScI3Yc:e7Hzgb;UpnZUd:nnwwYc;Uvc8o:VDovNc;UyjXyd:qXkWrc;VlRiDf:j7ZRif;XdiAjb:NLiXbe;YIZmRd:A1yn5d;a56pNe:JEfCwb;cEt90b:ws9Tlc;dIoSBb:SpsfSb;dowIGb:ebZ3mb;eBAeSb:zbML3c;iFQyKf:vfuNJf;lGvXed:Gtn19d;lOO0Vd:OTA3Ae;nTuGK:JKNPM;oGtAuc:sOXFj;oSUNyd:K0PMbc;oXZmbc:tUnxGc;pXdRYb:L9OGUe;qQEoOc:KUM7Z;qafBPd:yDVVkb;qddgKe:xQtZb;sHdTOe:nSePib;twueg:ouk7y;vNjB7d:YTxL4;wR5FRb:siKnQd;wc73nd:kqeOEd;yxTchf:KUM7Z/dti=1/m=DfcFW → 200 (94ms, 1759B)
[2026-08-18T21:10:24.491Z] POST https://accounts.google.com/v3/signin/_/AccountsSignInUi/data/batchexecute?rpcids=WZfWSd&source-path=%2Fv3%2Fsignin%2Fchallenge%2Fpk%2Ferror&f.sid=9078844955127931697&bl=boq_identityfrontendauthuiserver_20260816.00_p0&hl=en-US&TL=ACv9tzGlKmvNwVVAFhvwBuoOUw6oAP8c8Sx1X1Hg6V7VMNa-OvA_szdoBMspkoAb&dsh=S-1757777443%3A1787087408513956&_reqid=754613&rt=c → 200 (237ms, 12316B)
[2026-08-18T21:10:24.658Z] POST https://www.linkedin.com/li/track → 200 (185ms, ?B)
[2026-08-18T21:10:24.728Z] GET https://ssl.gstatic.com/accounts/marc/passkey_enrollment_error.svg → 200 (116ms, 1711B)
[2026-08-18T21:10:24.729Z] GET https://www.gstatic.com/_/mss/boq-identity/_/js/k=boq-identity.AccountsSignInUi.en_US.B_Ku8wmEgiQ.es5.O/ck=boq-identity.AccountsSignInUi.JzVX5znjq3M.L.B1.O/am=EQEAAADfgDcSAOT__28AAAMItgO-ZwE0AUIGAAAAAAAAAACwAAAADQEE/d=1/exm=A7fCU,CMcBD,DfcFW,DqMihc,E87wgc,EFQ78c,EN3i8d,FCpbqb,Fl9mec,Fndnac,Fw4s1,GwYlN,IZT63,K0PMbc,K1ZKnb,KUM7Z,L9OGUe,LDQI,LEikZe,LvGhrf,MY7mZe,MpJwZc,NLiXbe,OTcFib,P6sQOc,PHUIyb,PrPYRd,RMhBfe,RqjULd,SCuOPb,SD8Jgb,SpsfSb,Tbb4sb,UMu52b,UUJqVe,Uas9Hd,WhJNk,WpP9Yc,Wt6vjf,YHI3We,YTxL4,YYmHzb,YgOFye,ZDZcre,ZSzced,ZwDk9d,_b,_tp,aXwZ4c,bTi8wc,bof6ke,byfTOb,cYShmd,cciGGe,eWuMIe,f8Gu1e,gJzDyc,hc6Ubd,hhhU8,iAskyc,inNHtf,k5xHfe,lkFgGf,lsjVmc,lwddkf,m9oV,mvkUhe,n73qwf,oLggrd,oqkvIf,p3hmRc,pxq3x,q0xTif,qPYxq,qmdT9,rmumx,sOXFj,siKnQd,soHxf,t2srLd,tHIJ4c,tUnxGc,trs4le,uKyK2e,vHEMJe,vfuNJf,vjKJJ,w9hDv,wg1P6b,ws9Tlc,xQtZb,xiZRqc,y5vRwf,yRXbo,ywOR5c,z0u0L,zbML3c,ziXSP,zr1jrb,zy0vNb/excm=_b,_tp,identifierview/ed=1/wt=2/ujg=1/rs=AOaEmlGjkcH7Ky_zB34oeuuHTVW7ZA5uGg/ee=ASJRFf:DAnQ7e;Al0B8:kibjWe;DaIJ8c:iAskyc;EVNhjf:pw70Gc;EkYFhd:GwYlN;EmZ2Bf:zr1jrb;JsbNhc:Xd8iUd;K5nYTd:ZDZcre;LBgRLc:XVMNvd;Me32dd:MEeYgc;NJ1rfe:yGfSdd;NPKaK:PVlQOd;NSEoX:lazG7b;Pjplud:EEDORb;QGR0gd:Mlhmy;Qi0VDf:vUyhef;SMDL4c:K0PMbc;SNUn3:ZwDk9d;ScI3Yc:e7Hzgb;UpnZUd:nnwwYc;Uvc8o:VDovNc;UyjXyd:qXkWrc;VlRiDf:j7ZRif;XdiAjb:NLiXbe;YIZmRd:A1yn5d;a56pNe:JEfCwb;cEt90b:ws9Tlc;dIoSBb:SpsfSb;dowIGb:ebZ3mb;eBAeSb:zbML3c;iFQyKf:vfuNJf;lGvXed:Gtn19d;lOO0Vd:OTA3Ae;nTuGK:JKNPM;oGtAuc:sOXFj;oSUNyd:K0PMbc;oXZmbc:tUnxGc;pXdRYb:L9OGUe;qQEoOc:KUM7Z;qafBPd:yDVVkb;qddgKe:xQtZb;sHdTOe:nSePib;twueg:ouk7y;vNjB7d:YTxL4;wR5FRb:siKnQd;wc73nd:kqeOEd;yxTchf:KUM7Z/dti=1/m=Cvp0Rc → 200 (114ms, 818B)
[2026-08-18T21:10:24.848Z] GET https://www.gstatic.com/_/mss/boq-identity/_/js/k=boq-identity.AccountsSignInUi.en_US.B_Ku8wmEgiQ.es5.O/ck=boq-identity.AccountsSignInUi.JzVX5znjq3M.L.B1.O/am=EQEAAADfgDcSAOT__28AAAMItgO-ZwE0AUIGAAAAAAAAAACwAAAADQEE/d=1/exm=A7fCU,CMcBD,Cvp0Rc,DfcFW,DqMihc,E87wgc,EFQ78c,EN3i8d,FCpbqb,Fl9mec,Fndnac,Fw4s1,GwYlN,IZT63,K0PMbc,K1ZKnb,KUM7Z,L9OGUe,LDQI,LEikZe,LvGhrf,MY7mZe,MpJwZc,NLiXbe,OTcFib,P6sQOc,PHUIyb,PrPYRd,RMhBfe,RqjULd,SCuOPb,SD8Jgb,SpsfSb,Tbb4sb,UMu52b,UUJqVe,Uas9Hd,WhJNk,WpP9Yc,Wt6vjf,YHI3We,YTxL4,YYmHzb,YgOFye,ZDZcre,ZSzced,ZwDk9d,_b,_tp,aXwZ4c,bTi8wc,bof6ke,byfTOb,cYShmd,cciGGe,eWuMIe,f8Gu1e,gJzDyc,hc6Ubd,hhhU8,iAskyc,inNHtf,k5xHfe,lkFgGf,lsjVmc,lwddkf,m9oV,mvkUhe,n73qwf,oLggrd,oqkvIf,p3hmRc,pxq3x,q0xTif,qPYxq,qmdT9,rmumx,sOXFj,siKnQd,soHxf,t2srLd,tHIJ4c,tUnxGc,trs4le,uKyK2e,vHEMJe,vfuNJf,vjKJJ,w9hDv,wg1P6b,ws9Tlc,xQtZb,xiZRqc,y5vRwf,yRXbo,ywOR5c,z0u0L,zbML3c,ziXSP,zr1jrb,zy0vNb/excm=_b,_tp,identifierview/ed=1/wt=2/ujg=1/rs=AOaEmlGjkcH7Ky_zB34oeuuHTVW7ZA5uGg/ee=ASJRFf:DAnQ7e;Al0B8:kibjWe;DaIJ8c:iAskyc;EVNhjf:pw70Gc;EkYFhd:GwYlN;EmZ2Bf:zr1jrb;JsbNhc:Xd8iUd;K5nYTd:ZDZcre;LBgRLc:XVMNvd;Me32dd:MEeYgc;NJ1rfe:yGfSdd;NPKaK:PVlQOd;NSEoX:lazG7b;Pjplud:EEDORb;QGR0gd:Mlhmy;Qi0VDf:vUyhef;SMDL4c:K0PMbc;SNUn3:ZwDk9d;ScI3Yc:e7Hzgb;UpnZUd:nnwwYc;Uvc8o:VDovNc;UyjXyd:qXkWrc;VlRiDf:j7ZRif;XdiAjb:NLiXbe;YIZmRd:A1yn5d;a56pNe:JEfCwb;cEt90b:ws9Tlc;dIoSBb:SpsfSb;dowIGb:ebZ3mb;eBAeSb:zbML3c;iFQyKf:vfuNJf;lGvXed:Gtn19d;lOO0Vd:OTA3Ae;nTuGK:JKNPM;oGtAuc:sOXFj;oSUNyd:K0PMbc;oXZmbc:tUnxGc;pXdRYb:L9OGUe;qQEoOc:KUM7Z;qafBPd:yDVVkb;qddgKe:xQtZb;sHdTOe:nSePib;twueg:ouk7y;vNjB7d:YTxL4;wR5FRb:siKnQd;wc73nd:kqeOEd;yxTchf:KUM7Z/dti=1/m=eV5q9c → 200 (55ms, ?B)
[2026-08-18T21:10:24.904Z] GET https://apis.google.com/js/api.js → 200 (362ms, 14576B)
[2026-08-18T21:10:25.267Z] GET https://apis.google.com/_/scs/abc-static/_/js/k=gapi.lb.en.zhTT8Br0Ho8.O/m=gapi_iframes,gapi_iframes_style_common/rt=j/sv=1/d=1/ed=1/rs=AHpOoo-7LeULGjNQZRvhdu3G71akb6JY6A/cb=gapi.loaded_0?le=scs,fedcm_migration_mod → 200 (189ms, 134970B)
[2026-08-18T21:10:25.469Z] GET https://www.google.com/settings/hatsv2?origin=https%3A%2F%2Faccounts.google.com&parentPath=%2Fv3%2Fsignin%2Fchallenge%2Fpk%2Ferror&tag=tid%3DI538143563223586%2Cpasskey_first_auth_factor_error&authUser=0&productId=5159704&triggerId=iY4FGST340sSKbi7bLj0V1Yxugkg&modalStyle=false&textLinks=false&useAf=false&usegapi=1&jsh=m%3B%2F_%2Fscs%2Fabc-static%2F_%2Fjs%2Fk%3Dgapi.lb.en.zhTT8Br0Ho8.O%2Fd%3D1%2Frs%3DAHpOoo-7LeULGjNQZRvhdu3G71akb6JY6A%2Fm%3D__features__ → 200 (319ms, ?B)
[2026-08-18T21:10:25.575Z] POST https://accounts.google.com/v3/signin/_/AccountsSignInUi/data/batchexecute?rpcids=B4hajb&source-path=%2Fv3%2Fsignin%2Fchallenge%2Fpk%2Ferror&f.sid=9078844955127931697&bl=boq_identityfrontendauthuiserver_20260816.00_p0&hl=en-US&TL=ACv9tzGlKmvNwVVAFhvwBuoOUw6oAP8c8Sx1X1Hg6V7VMNa-OvA_szdoBMspkoAb&dsh=S-1757777443%3A1787087408513956&_reqid=854613&rt=c → 200 (317ms, ?B)
[2026-08-18T21:10:25.947Z] GET https://www.gstatic.com/_/mss/boq-identity/_/js/k=boq-identity.AccountsSignInUi.en_US.B_Ku8wmEgiQ.es5.O/ck=boq-identity.AccountsSignInUi.JzVX5znjq3M.L.B1.O/am=EQEAAADfgDcSAOT__28AAAMItgO-ZwE0AUIGAAAAAAAAAACwAAAADQEE/d=1/exm=A7fCU,CMcBD,Cvp0Rc,DfcFW,DqMihc,E87wgc,EFQ78c,EN3i8d,FCpbqb,Fl9mec,Fndnac,Fw4s1,GwYlN,IZT63,K0PMbc,K1ZKnb,KUM7Z,L9OGUe,LDQI,LEikZe,LvGhrf,MY7mZe,MpJwZc,NLiXbe,OTcFib,P6sQOc,PHUIyb,PrPYRd,RMhBfe,RqjULd,SCuOPb,SD8Jgb,SpsfSb,Tbb4sb,UMu52b,UUJqVe,Uas9Hd,WhJNk,WpP9Yc,Wt6vjf,YHI3We,YTxL4,YYmHzb,YgOFye,ZDZcre,ZSzced,ZwDk9d,_b,_tp,aXwZ4c,bTi8wc,bof6ke,byfTOb,cYShmd,cciGGe,eV5q9c,eWuMIe,f8Gu1e,gJzDyc,hc6Ubd,hhhU8,iAskyc,inNHtf,k5xHfe,lkFgGf,lsjVmc,lwddkf,m9oV,mvkUhe,n73qwf,oLggrd,oqkvIf,p3hmRc,pxq3x,q0xTif,qPYxq,qmdT9,rmumx,sOXFj,siKnQd,soHxf,t2srLd,tHIJ4c,tUnxGc,trs4le,uKyK2e,vHEMJe,vfuNJf,vjKJJ,w9hDv,wg1P6b,ws9Tlc,xQtZb,xiZRqc,y5vRwf,yRXbo,ywOR5c,z0u0L,zbML3c,ziXSP,zr1jrb,zy0vNb/excm=_b,_tp,identifierview/ed=1/wt=2/ujg=1/rs=AOaEmlGjkcH7Ky_zB34oeuuHTVW7ZA5uGg/ee=ASJRFf:DAnQ7e;Al0B8:kibjWe;DaIJ8c:iAskyc;EVNhjf:pw70Gc;EkYFhd:GwYlN;EmZ2Bf:zr1jrb;JsbNhc:Xd8iUd;K5nYTd:ZDZcre;LBgRLc:XVMNvd;Me32dd:MEeYgc;NJ1rfe:yGfSdd;NPKaK:PVlQOd;NSEoX:lazG7b;Pjplud:EEDORb;QGR0gd:Mlhmy;Qi0VDf:vUyhef;SMDL4c:K0PMbc;SNUn3:ZwDk9d;ScI3Yc:e7Hzgb;UpnZUd:nnwwYc;Uvc8o:VDovNc;UyjXyd:qXkWrc;VlRiDf:j7ZRif;XdiAjb:NLiXbe;YIZmRd:A1yn5d;a56pNe:JEfCwb;cEt90b:ws9Tlc;dIoSBb:SpsfSb;dowIGb:ebZ3mb;eBAeSb:zbML3c;iFQyKf:vfuNJf;lGvXed:Gtn19d;lOO0Vd:OTA3Ae;nTuGK:JKNPM;oGtAuc:sOXFj;oSUNyd:K0PMbc;oXZmbc:tUnxGc;pXdRYb:L9OGUe;qQEoOc:KUM7Z;qafBPd:yDVVkb;qddgKe:xQtZb;sHdTOe:nSePib;twueg:ouk7y;vNjB7d:YTxL4;wR5FRb:siKnQd;wc73nd:kqeOEd;yxTchf:KUM7Z/dti=1/m=xP8nce → 200 (76ms, 18539B)
[2026-08-18T21:10:25.947Z] POST https://accounts.google.com/v3/signin/_/AccountsSignInUi/data/batchexecute?rpcids=WZfWSd&source-path=%2Fv3%2Fsignin%2Fchallenge%2Fselection&f.sid=9078844955127931697&bl=boq_identityfrontendauthuiserver_20260816.00_p0&hl=en-US&TL=ACv9tzGlKmvNwVVAFhvwBuoOUw6oAP8c8Sx1X1Hg6V7VMNa-OvA_szdoBMspkoAb&dsh=S-1757777443%3A1787087408513956&_reqid=954613&rt=c → 200 (155ms, 12327B)
[2026-08-18T21:10:25.949Z] GET https://www.gstatic.com/_/mss/boq-identity/_/js/k=boq-identity.IdentityHatsUi.en_US.h29S3iqqJSI.2018.O/ck=boq-identity.IdentityHatsUi.PHQG0fSsBbE.L.B1.O/am=AAAAAGQ/d=1/exm=_b,_tp/excm=_b,_tp,hatsview/ed=1/wt=2/ujg=1/rs=AOaEmlGsRaPOytQrLfWJ-oDUCyfp1pmSAQ/ee=EmZ2Bf:zr1jrb;JsbNhc:Xd8iUd;LBgRLc:SdcwHb;NJ1rfe:yGfSdd;NPKaK:SdcwHb;NSEoX:lazG7b;SNUn3:ZwDk9d;cEt90b:ws9Tlc;dIoSBb:SpsfSb;eBAeSb:zbML3c;iFQyKf:vfuNJf;nTuGK:JKNPM;oGtAuc:sOXFj;pXdRYb:MdUzUe;qQEoOc:KUM7Z;qddgKe:xQtZb;wR5FRb:O1Gjze;xqZiqf:wmnU7d;yxTchf:KUM7Z;zxnPse:GkRiKb/dti=1/m=laDXxe → 200 (76ms, 53433B)
[2026-08-18T21:10:26.030Z] GET https://www.gstatic.com/feedback/js/help/prod/service/lazy.min.js → 200 (106ms, 128482B)
[2026-08-18T21:10:26.031Z] GET https://apis.google.com/js/api.js → 200 (?ms, 14576B)
[2026-08-18T21:10:26.032Z] GET https://apis.google.com/_/scs/abc-static/_/js/k=gapi.lb.en.zhTT8Br0Ho8.O/m=gapi_iframes,gapi_iframes_style_common/rt=j/sv=1/d=1/ed=1/rs=AHpOoo-7LeULGjNQZRvhdu3G71akb6JY6A/cb=gapi.loaded_0?le=scs,fedcm_migration_mod → 200 (3ms, 134970B)
[2026-08-18T21:10:26.139Z] GET https://apis.google.com/_/scs/abc-static/_/js/k=gapi.lb.en.zhTT8Br0Ho8.O/m=client/exm=gapi_iframes,gapi_iframes_style_common/rt=j/sv=1/d=1/ed=1/rs=AHpOoo-7LeULGjNQZRvhdu3G71akb6JY6A/cb=gapi.loaded_1?le=scs,fedcm_migration_mod → 200 (288ms, 207911B)
[2026-08-18T21:10:26.140Z] GET https://www.gstatic.com/_/mss/boq-identity/_/js/k=boq-identity.AccountsSignInUi.en_US.B_Ku8wmEgiQ.es5.O/ck=boq-identity.AccountsSignInUi.JzVX5znjq3M.L.B1.O/am=EQEAAADfgDcSAOT__28AAAMItgO-ZwE0AUIGAAAAAAAAAACwAAAADQEE/d=1/exm=A7fCU,CMcBD,Cvp0Rc,DfcFW,DqMihc,E87wgc,EFQ78c,EN3i8d,FCpbqb,Fl9mec,Fndnac,Fw4s1,GwYlN,IZT63,K0PMbc,K1ZKnb,KUM7Z,L9OGUe,LDQI,LEikZe,LvGhrf,MY7mZe,MpJwZc,NLiXbe,OTcFib,P6sQOc,PHUIyb,PrPYRd,RMhBfe,RqjULd,SCuOPb,SD8Jgb,SpsfSb,Tbb4sb,UMu52b,UUJqVe,Uas9Hd,WhJNk,WpP9Yc,Wt6vjf,YHI3We,YTxL4,YYmHzb,YgOFye,ZDZcre,ZSzced,ZwDk9d,_b,_tp,aXwZ4c,bTi8wc,bof6ke,byfTOb,cYShmd,cciGGe,eV5q9c,eWuMIe,f8Gu1e,gJzDyc,hc6Ubd,hhhU8,iAskyc,inNHtf,k5xHfe,lkFgGf,lsjVmc,lwddkf,m9oV,mvkUhe,n73qwf,oLggrd,oqkvIf,p3hmRc,pxq3x,q0xTif,qPYxq,qmdT9,rmumx,sOXFj,siKnQd,soHxf,t2srLd,tHIJ4c,tUnxGc,trs4le,uKyK2e,vHEMJe,vfuNJf,vjKJJ,w9hDv,wg1P6b,ws9Tlc,xP8nce,xQtZb,xiZRqc,y5vRwf,yRXbo,ywOR5c,z0u0L,zbML3c,ziXSP,zr1jrb,zy0vNb/excm=_b,_tp,identifierview/ed=1/wt=2/ujg=1/rs=AOaEmlGjkcH7Ky_zB34oeuuHTVW7ZA5uGg/ee=ASJRFf:DAnQ7e;Al0B8:kibjWe;DaIJ8c:iAskyc;EVNhjf:pw70Gc;EkYFhd:GwYlN;EmZ2Bf:zr1jrb;JsbNhc:Xd8iUd;K5nYTd:ZDZcre;LBgRLc:XVMNvd;Me32dd:MEeYgc;NJ1rfe:yGfSdd;NPKaK:PVlQOd;NSEoX:lazG7b;Pjplud:EEDORb;QGR0gd:Mlhmy;Qi0VDf:vUyhef;SMDL4c:K0PMbc;SNUn3:ZwDk9d;ScI3Yc:e7Hzgb;UpnZUd:nnwwYc;Uvc8o:VDovNc;UyjXyd:qXkWrc;VlRiDf:j7ZRif;XdiAjb:NLiXbe;YIZmRd:A1yn5d;a56pNe:JEfCwb;cEt90b:ws9Tlc;dIoSBb:SpsfSb;dowIGb:ebZ3mb;eBAeSb:zbML3c;iFQyKf:vfuNJf;lGvXed:Gtn19d;lOO0Vd:OTA3Ae;nTuGK:JKNPM;oGtAuc:sOXFj;oSUNyd:K0PMbc;oXZmbc:tUnxGc;pXdRYb:L9OGUe;qQEoOc:KUM7Z;qafBPd:yDVVkb;qddgKe:xQtZb;sHdTOe:nSePib;twueg:ouk7y;vNjB7d:YTxL4;wR5FRb:siKnQd;wc73nd:kqeOEd;yxTchf:KUM7Z/dti=1/m=s0Ukzf → 200 (105ms, 3436B)
[2026-08-18T21:10:26.456Z] GET https://feedback-pa.clients6.google.com/static/proxy.html?usegapi=1&jsh=m%3B%2F_%2Fscs%2Fabc-static%2F_%2Fjs%2Fk%3Dgapi.lb.en.zhTT8Br0Ho8.O%2Fd%3D1%2Frs%3DAHpOoo-7LeULGjNQZRvhdu3G71akb6JY6A%2Fm%3D__features__ → pending (?ms, ?B)
[2026-08-18T21:10:26.608Z] GET https://www.gstatic.com/_/mss/boq-identity/_/js/k=boq-identity.IdentityHatsUi.en_US.h29S3iqqJSI.2018.O/ck=boq-identity.IdentityHatsUi.PHQG0fSsBbE.L.B1.O/am=AAAAAGQ/d=1/exm=_b,_tp,laDXxe/excm=_b,_tp,hatsview/ed=1/wt=2/ujg=1/rs=AOaEmlGsRaPOytQrLfWJ-oDUCyfp1pmSAQ/ee=EmZ2Bf:zr1jrb;JsbNhc:Xd8iUd;LBgRLc:SdcwHb;NJ1rfe:yGfSdd;NPKaK:SdcwHb;NSEoX:lazG7b;SNUn3:ZwDk9d;cEt90b:ws9Tlc;dIoSBb:SpsfSb;eBAeSb:zbML3c;iFQyKf:vfuNJf;nTuGK:JKNPM;oGtAuc:sOXFj;pXdRYb:MdUzUe;qQEoOc:KUM7Z;qddgKe:xQtZb;wR5FRb:O1Gjze;xqZiqf:wmnU7d;yxTchf:KUM7Z;zxnPse:GkRiKb/dti=1/m=Wt6vjf,hhhU8,FCpbqb,WhJNk → pending (?ms, ?B)
[2026-08-18T21:10:26.658Z] POST https://www.linkedin.com/li/track → 200 (152ms, ?B)
[2026-08-18T21:10:27.867Z] POST https://accounts.google.com/v3/signin/_/AccountsSignInUi/data/batchexecute?rpcids=B4hajb&source-path=%2Fv3%2Fsignin%2Fchallenge%2Fselection&f.sid=9078844955127931697&bl=boq_identityfrontendauthuiserver_20260816.00_p0&hl=en-US&TL=ACv9tzGlKmvNwVVAFhvwBuoOUw6oAP8c8Sx1X1Hg6V7VMNa-OvA_szdoBMspkoAb&dsh=S-1757777443%3A1787087408513956&_reqid=1054613&rt=c → pending (?ms, ?B)
[2026-08-18T21:10:28.147Z] GET https://www.gstatic.com/_/mss/boq-identity/_/js/k=boq-identity.AccountsSignInUi.en_US.B_Ku8wmEgiQ.es5.O/ck=boq-identity.AccountsSignInUi.JzVX5znjq3M.L.B1.O/am=EQEAAADfgDcSAOT__28AAAMItgO-ZwE0AUIGAAAAAAAAAACwAAAADQEE/d=1/exm=A7fCU,CMcBD,Cvp0Rc,DfcFW,DqMihc,E87wgc,EFQ78c,EN3i8d,FCpbqb,Fl9mec,Fndnac,Fw4s1,GwYlN,IZT63,K0PMbc,K1ZKnb,KUM7Z,L9OGUe,LDQI,LEikZe,LvGhrf,MY7mZe,MpJwZc,NLiXbe,OTcFib,P6sQOc,PHUIyb,PrPYRd,RMhBfe,RqjULd,SCuOPb,SD8Jgb,SpsfSb,Tbb4sb,UMu52b,UUJqVe,Uas9Hd,WhJNk,WpP9Yc,Wt6vjf,YHI3We,YTxL4,YYmHzb,YgOFye,ZDZcre,ZSzced,ZwDk9d,_b,_tp,aXwZ4c,bTi8wc,bof6ke,byfTOb,cYShmd,cciGGe,eV5q9c,eWuMIe,f8Gu1e,gJzDyc,hc6Ubd,hhhU8,iAskyc,inNHtf,k5xHfe,lkFgGf,lsjVmc,lwddkf,m9oV,mvkUhe,n73qwf,oLggrd,oqkvIf,p3hmRc,pxq3x,q0xTif,qPYxq,qmdT9,rmumx,s0Ukzf,sOXFj,siKnQd,soHxf,t2srLd,tHIJ4c,tUnxGc,trs4le,uKyK2e,vHEMJe,vfuNJf,vjKJJ,w9hDv,wg1P6b,ws9Tlc,xP8nce,xQtZb,xiZRqc,y5vRwf,yRXbo,ywOR5c,z0u0L,zbML3c,ziXSP,zr1jrb,zy0vNb/excm=_b,_tp,identifierview/ed=1/wt=2/ujg=1/rs=AOaEmlGjkcH7Ky_zB34oeuuHTVW7ZA5uGg/ee=ASJRFf:DAnQ7e;Al0B8:kibjWe;DaIJ8c:iAskyc;EVNhjf:pw70Gc;EkYFhd:GwYlN;EmZ2Bf:zr1jrb;JsbNhc:Xd8iUd;K5nYTd:ZDZcre;LBgRLc:XVMNvd;Me32dd:MEeYgc;NJ1rfe:yGfSdd;NPKaK:PVlQOd;NSEoX:lazG7b;Pjplud:EEDORb;QGR0gd:Mlhmy;Qi0VDf:vUyhef;SMDL4c:K0PMbc;SNUn3:ZwDk9d;ScI3Yc:e7Hzgb;UpnZUd:nnwwYc;Uvc8o:VDovNc;UyjXyd:qXkWrc;VlRiDf:j7ZRif;XdiAjb:NLiXbe;YIZmRd:A1yn5d;a56pNe:JEfCwb;cEt90b:ws9Tlc;dIoSBb:SpsfSb;dowIGb:ebZ3mb;eBAeSb:zbML3c;iFQyKf:vfuNJf;lGvXed:Gtn19d;lOO0Vd:OTA3Ae;nTuGK:JKNPM;oGtAuc:sOXFj;oSUNyd:K0PMbc;oXZmbc:tUnxGc;pXdRYb:L9OGUe;qQEoOc:KUM7Z;qafBPd:yDVVkb;qddgKe:xQtZb;sHdTOe:nSePib;twueg:ouk7y;vNjB7d:YTxL4;wR5FRb:siKnQd;wc73nd:kqeOEd;yxTchf:KUM7Z/dti=1/m=jGvTv,PXsWy → 200 (52ms, 12588B)
[2026-08-18T21:10:28.147Z] POST https://accounts.google.com/v3/signin/_/AccountsSignInUi/data/batchexecute?rpcids=WZfWSd%2Ci3kFoc%2CzKAP2e&source-path=%2Fv3%2Fsignin%2Fchallenge%2Fpwd&f.sid=9078844955127931697&bl=boq_identityfrontendauthuiserver_20260816.00_p0&hl=en-US&TL=ACv9tzGlKmvNwVVAFhvwBuoOUw6oAP8c8Sx1X1Hg6V7VMNa-OvA_szdoBMspkoAb&dsh=S-1757777443%3A1787087408513956&_reqid=1154613&rt=c → 200 (167ms, 151551B)
[2026-08-18T21:10:28.657Z] POST https://www.linkedin.com/li/track → 200 (194ms, ?B)
[2026-08-18T21:10:28.682Z] GET https://www.gstatic.com/_/mss/boq-identity/_/js/k=boq-identity.AccountsSignInUi.en_US.B_Ku8wmEgiQ.es5.O/ck=boq-identity.AccountsSignInUi.JzVX5znjq3M.L.B1.O/am=EQEAAADfgDcSAOT__28AAAMItgO-ZwE0AUIGAAAAAAAAAACwAAAADQEE/d=1/exm=A7fCU,CMcBD,Cvp0Rc,DfcFW,DqMihc,E87wgc,EFQ78c,EN3i8d,FCpbqb,Fl9mec,Fndnac,Fw4s1,GwYlN,IZT63,K0PMbc,K1ZKnb,KUM7Z,L9OGUe,LDQI,LEikZe,LvGhrf,MY7mZe,MpJwZc,NLiXbe,OTcFib,P6sQOc,PHUIyb,PXsWy,PrPYRd,RMhBfe,RqjULd,SCuOPb,SD8Jgb,SpsfSb,Tbb4sb,UMu52b,UUJqVe,Uas9Hd,WhJNk,WpP9Yc,Wt6vjf,YHI3We,YTxL4,YYmHzb,YgOFye,ZDZcre,ZSzced,ZwDk9d,_b,_tp,aXwZ4c,bTi8wc,bof6ke,byfTOb,cYShmd,cciGGe,eV5q9c,eWuMIe,f8Gu1e,gJzDyc,hc6Ubd,hhhU8,iAskyc,inNHtf,jGvTv,k5xHfe,lkFgGf,lsjVmc,lwddkf,m9oV,mvkUhe,n73qwf,oLggrd,oqkvIf,p3hmRc,pxq3x,q0xTif,qPYxq,qmdT9,rmumx,s0Ukzf,sOXFj,siKnQd,soHxf,t2srLd,tHIJ4c,tUnxGc,trs4le,uKyK2e,vHEMJe,vfuNJf,vjKJJ,w9hDv,wg1P6b,ws9Tlc,xP8nce,xQtZb,xiZRqc,y5vRwf,yRXbo,ywOR5c,z0u0L,zbML3c,ziXSP,zr1jrb,zy0vNb/excm=_b,_tp,identifierview/ed=1/wt=2/ujg=1/rs=AOaEmlGjkcH7Ky_zB34oeuuHTVW7ZA5uGg/ee=ASJRFf:DAnQ7e;Al0B8:kibjWe;DaIJ8c:iAskyc;EVNhjf:pw70Gc;EkYFhd:GwYlN;EmZ2Bf:zr1jrb;JsbNhc:Xd8iUd;K5nYTd:ZDZcre;LBgRLc:XVMNvd;Me32dd:MEeYgc;NJ1rfe:yGfSdd;NPKaK:PVlQOd;NSEoX:lazG7b;Pjplud:EEDORb;QGR0gd:Mlhmy;Qi0VDf:vUyhef;SMDL4c:K0PMbc;SNUn3:ZwDk9d;ScI3Yc:e7Hzgb;UpnZUd:nnwwYc;Uvc8o:VDovNc;UyjXyd:qXkWrc;VlRiDf:j7ZRif;XdiAjb:NLiXbe;YIZmRd:A1yn5d;a56pNe:JEfCwb;cEt90b:ws9Tlc;dIoSBb:SpsfSb;dowIGb:ebZ3mb;eBAeSb:zbML3c;iFQyKf:vfuNJf;lGvXed:Gtn19d;lOO0Vd:OTA3Ae;nTuGK:JKNPM;oGtAuc:sOXFj;oSUNyd:K0PMbc;oXZmbc:tUnxGc;pXdRYb:L9OGUe;qQEoOc:KUM7Z;qafBPd:yDVVkb;qddgKe:xQtZb;sHdTOe:nSePib;twueg:ouk7y;vNjB7d:YTxL4;wR5FRb:siKnQd;wc73nd:kqeOEd;yxTchf:KUM7Z/dti=1/m=GLtV1c,JYtL0c,clOb9b → 200 (194ms, 28154B)
[2026-08-18T21:10:28.682Z] GET https://www.gstatic.com/_/mss/boq-identity/_/js/k=boq-identity.AccountsSignInUi.en_US.B_Ku8wmEgiQ.es5.O/ck=boq-identity.AccountsSignInUi.JzVX5znjq3M.L.B1.O/am=EQEAAADfgDcSAOT__28AAAMItgO-ZwE0AUIGAAAAAAAAAACwAAAADQEE/d=1/exm=A7fCU,CMcBD,Cvp0Rc,DfcFW,DqMihc,E87wgc,EFQ78c,EN3i8d,FCpbqb,Fl9mec,Fndnac,Fw4s1,GLtV1c,GwYlN,IZT63,JYtL0c,K0PMbc,K1ZKnb,KUM7Z,L9OGUe,LDQI,LEikZe,LvGhrf,MY7mZe,MpJwZc,NLiXbe,OTcFib,P6sQOc,PHUIyb,PXsWy,PrPYRd,RMhBfe,RqjULd,SCuOPb,SD8Jgb,SpsfSb,Tbb4sb,UMu52b,UUJqVe,Uas9Hd,WhJNk,WpP9Yc,Wt6vjf,YHI3We,YTxL4,YYmHzb,YgOFye,ZDZcre,ZSzced,ZwDk9d,_b,_tp,aXwZ4c,bTi8wc,bof6ke,byfTOb,cYShmd,cciGGe,clOb9b,eV5q9c,eWuMIe,f8Gu1e,gJzDyc,hc6Ubd,hhhU8,iAskyc,inNHtf,jGvTv,k5xHfe,lkFgGf,lsjVmc,lwddkf,m9oV,mvkUhe,n73qwf,oLggrd,oqkvIf,p3hmRc,pxq3x,q0xTif,qPYxq,qmdT9,rmumx,s0Ukzf,sOXFj,siKnQd,soHxf,t2srLd,tHIJ4c,tUnxGc,trs4le,uKyK2e,vHEMJe,vfuNJf,vjKJJ,w9hDv,wg1P6b,ws9Tlc,xP8nce,xQtZb,xiZRqc,y5vRwf,yRXbo,ywOR5c,z0u0L,zbML3c,ziXSP,zr1jrb,zy0vNb/excm=_b,_tp,identifierview/ed=1/wt=2/ujg=1/rs=AOaEmlGjkcH7Ky_zB34oeuuHTVW7ZA5uGg/ee=ASJRFf:DAnQ7e;Al0B8:kibjWe;DaIJ8c:iAskyc;EVNhjf:pw70Gc;EkYFhd:GwYlN;EmZ2Bf:zr1jrb;JsbNhc:Xd8iUd;K5nYTd:ZDZcre;LBgRLc:XVMNvd;Me32dd:MEeYgc;NJ1rfe:yGfSdd;NPKaK:PVlQOd;NSEoX:lazG7b;Pjplud:EEDORb;QGR0gd:Mlhmy;Qi0VDf:vUyhef;SMDL4c:K0PMbc;SNUn3:ZwDk9d;ScI3Yc:e7Hzgb;UpnZUd:nnwwYc;Uvc8o:VDovNc;UyjXyd:qXkWrc;VlRiDf:j7ZRif;XdiAjb:NLiXbe;YIZmRd:A1yn5d;a56pNe:JEfCwb;cEt90b:ws9Tlc;dIoSBb:SpsfSb;dowIGb:ebZ3mb;eBAeSb:zbML3c;iFQyKf:vfuNJf;lGvXed:Gtn19d;lOO0Vd:OTA3Ae;nTuGK:JKNPM;oGtAuc:sOXFj;oSUNyd:K0PMbc;oXZmbc:tUnxGc;pXdRYb:L9OGUe;qQEoOc:KUM7Z;qafBPd:yDVVkb;qddgKe:xQtZb;sHdTOe:nSePib;twueg:ouk7y;vNjB7d:YTxL4;wR5FRb:siKnQd;wc73nd:kqeOEd;yxTchf:KUM7Z/dti=1/m=QTENt,XSm1e → 200 (199ms, 6838B)
[2026-08-18T21:10:29.300Z] GET https://accounts.google.com/generate_204?x67mrg → 204 (126ms, ?B)
[2026-08-18T21:10:29.300Z] POST https://play.google.com/log?hasfast=true&authuser=0&format=json → 200 (125ms, 131B)
[2026-08-18T21:10:30.659Z] POST https://www.linkedin.com/li/track → 200 (184ms, ?B)
[2026-08-18T21:10:32.659Z] POST https://www.linkedin.com/li/track → 200 (135ms, ?B)
[2026-08-18T21:10:32.894Z] POST https://accounts.google.com/v3/signin/_/AccountsSignInUi/data/batchexecute?rpcids=B4hajb&source-path=%2Fv3%2Fsignin%2Fchallenge%2Fpwd&f.sid=9078844955127931697&bl=boq_identityfrontendauthuiserver_20260816.00_p0&hl=en-US&TL=ACv9tzGlKmvNwVVAFhvwBuoOUw6oAP8c8Sx1X1Hg6V7VMNa-OvA_szdoBMspkoAb&dsh=S-1757777443%3A1787087408513956&_reqid=1254613&rt=c → pending (?ms, ?B)
[2026-08-18T21:10:32.897Z] POST https://play.google.com/log?hasfast=true&authuser=0&format=json → pending (?ms, ?B)
[2026-08-18T21:10:33.085Z] POST https://play.google.com/log?format=json&hasfast=true&authuser=0 → 200 (171ms, 131B)
[2026-08-18T21:10:34.660Z] POST https://www.linkedin.com/li/track → 200 (145ms, ?B)
[2026-08-18T21:10:36.659Z] POST https://www.linkedin.com/li/track → 200 (132ms, ?B)
[2026-08-18T21:10:36.941Z] POST https://accounts.google.com/v3/signin/_/AccountsSignInUi/data/batchexecute?rpcids=B4hajb&source-path=%2Fv3%2Fsignin%2Fchallenge%2Fpwd&f.sid=9078844955127931697&bl=boq_identityfrontendauthuiserver_20260816.00_p0&hl=en-US&TL=ACv9tzGlKmvNwVVAFhvwBuoOUw6oAP8c8Sx1X1Hg6V7VMNa-OvA_szdoBMspkoAb&dsh=S-1757777443%3A1787087408513956&_reqid=1354613&rt=c → 200 (509ms, 750B)
[2026-08-18T21:10:36.947Z] POST https://play.google.com/log?hasfast=true&authuser=0&format=json → 200 (111ms, 131B)
[2026-08-18T21:10:38.443Z] POST https://accounts.google.com/v3/signin/_/AccountsSignInUi/data/batchexecute?rpcids=B4hajb&source-path=%2Fv3%2Fsignin%2Fchallenge%2Fpwd&f.sid=9078844955127931697&bl=boq_identityfrontendauthuiserver_20260816.00_p0&hl=en-US&TL=ACv9tzGlKmvNwVVAFhvwBuoOUw6oAP8c8Sx1X1Hg6V7VMNa-OvA_szdoBMspkoAb&dsh=S-1757777443%3A1787087408513956&_reqid=1454613&rt=c → 200 (242ms, 12502B)
[2026-08-18T21:10:38.659Z] POST https://www.linkedin.com/li/track → 200 (126ms, ?B)
[2026-08-18T21:10:38.784Z] POST https://accounts.google.com/v3/signin/_/AccountsSignInUi/data/batchexecute?rpcids=WZfWSd&source-path=%2Fv3%2Fsignin%2Fchallenge%2Fselection&f.sid=9078844955127931697&bl=boq_identityfrontendauthuiserver_20260816.00_p0&hl=en-US&TL=ACv9tzGlKmvNwVVAFhvwBuoOUw6oAP8c8Sx1X1Hg6V7VMNa-OvA_szdoBMspkoAb&dsh=S-1757777443%3A1787087408513956&_reqid=1554613&rt=c → pending (?ms, ?B)
[2026-08-18T21:10:40.658Z] POST https://www.linkedin.com/li/track → 200 (207ms, ?B)
[2026-08-18T21:10:41.195Z] POST https://accounts.google.com/v3/signin/_/AccountsSignInUi/data/batchexecute?rpcids=B4hajb&source-path=%2Fv3%2Fsignin%2Fchallenge%2Fselection&f.sid=9078844955127931697&bl=boq_identityfrontendauthuiserver_20260816.00_p0&hl=en-US&TL=ACv9tzGlKmvNwVVAFhvwBuoOUw6oAP8c8Sx1X1Hg6V7VMNa-OvA_szdoBMspkoAb&dsh=S-1757777443%3A1787087408513956&_reqid=1654613&rt=c → pending (?ms, ?B)
[2026-08-18T21:10:42.527Z] GET https://www.gstatic.com/_/mss/boq-identity/_/js/k=boq-identity.AccountsSignInUi.en_US.B_Ku8wmEgiQ.es5.O/ck=boq-identity.AccountsSignInUi.JzVX5znjq3M.L.B1.O/am=EQEAAADfgDcSAOT__28AAAMItgO-ZwE0AUIGAAAAAAAAAACwAAAADQEE/d=1/exm=A7fCU,CMcBD,Cvp0Rc,DfcFW,DqMihc,E87wgc,EFQ78c,EN3i8d,FCpbqb,Fl9mec,Fndnac,Fw4s1,GLtV1c,GwYlN,IZT63,JYtL0c,K0PMbc,K1ZKnb,KUM7Z,L9OGUe,LDQI,LEikZe,LvGhrf,MY7mZe,MpJwZc,NLiXbe,OTcFib,P6sQOc,PHUIyb,PXsWy,PrPYRd,QTENt,RMhBfe,RqjULd,SCuOPb,SD8Jgb,SpsfSb,Tbb4sb,UMu52b,UUJqVe,Uas9Hd,WhJNk,WpP9Yc,Wt6vjf,XSm1e,YHI3We,YTxL4,YYmHzb,YgOFye,ZDZcre,ZSzced,ZwDk9d,_b,_tp,aXwZ4c,bTi8wc,bof6ke,byfTOb,cYShmd,cciGGe,clOb9b,eV5q9c,eWuMIe,f8Gu1e,gJzDyc,hc6Ubd,hhhU8,iAskyc,inNHtf,jGvTv,k5xHfe,lkFgGf,lsjVmc,lwddkf,m9oV,mvkUhe,n73qwf,oLggrd,oqkvIf,p3hmRc,pxq3x,q0xTif,qPYxq,qmdT9,rmumx,s0Ukzf,sOXFj,siKnQd,soHxf,t2srLd,tHIJ4c,tUnxGc,trs4le,uKyK2e,vHEMJe,vfuNJf,vjKJJ,w9hDv,wg1P6b,ws9Tlc,xP8nce,xQtZb,xiZRqc,y5vRwf,yRXbo,ywOR5c,z0u0L,zbML3c,ziXSP,zr1jrb,zy0vNb/excm=_b,_tp,identifierview/ed=1/wt=2/ujg=1/rs=AOaEmlGjkcH7Ky_zB34oeuuHTVW7ZA5uGg/ee=ASJRFf:DAnQ7e;Al0B8:kibjWe;DaIJ8c:iAskyc;EVNhjf:pw70Gc;EkYFhd:GwYlN;EmZ2Bf:zr1jrb;JsbNhc:Xd8iUd;K5nYTd:ZDZcre;LBgRLc:XVMNvd;Me32dd:MEeYgc;NJ1rfe:yGfSdd;NPKaK:PVlQOd;NSEoX:lazG7b;Pjplud:EEDORb;QGR0gd:Mlhmy;Qi0VDf:vUyhef;SMDL4c:K0PMbc;SNUn3:ZwDk9d;ScI3Yc:e7Hzgb;UpnZUd:nnwwYc;Uvc8o:VDovNc;UyjXyd:qXkWrc;VlRiDf:j7ZRif;XdiAjb:NLiXbe;YIZmRd:A1yn5d;a56pNe:JEfCwb;cEt90b:ws9Tlc;dIoSBb:SpsfSb;dowIGb:ebZ3mb;eBAeSb:zbML3c;iFQyKf:vfuNJf;lGvXed:Gtn19d;lOO0Vd:OTA3Ae;nTuGK:JKNPM;oGtAuc:sOXFj;oSUNyd:K0PMbc;oXZmbc:tUnxGc;pXdRYb:L9OGUe;qQEoOc:KUM7Z;qafBPd:yDVVkb;qddgKe:xQtZb;sHdTOe:nSePib;twueg:ouk7y;vNjB7d:YTxL4;wR5FRb:siKnQd;wc73nd:kqeOEd;yxTchf:KUM7Z/dti=1/m=jSwwdc → 200 (147ms, 2515B)
[2026-08-18T21:10:42.630Z] POST https://play.google.com/log?hasfast=true&authuser=0&format=json → pending (?ms, ?B)
[2026-08-18T21:10:42.656Z] POST https://www.linkedin.com/li/track → 200 (99ms, ?B)
[2026-08-18T21:10:42.682Z] GET https://www.gstatic.com/_/mss/boq-identity/_/js/k=boq-identity.AccountsSignInUi.en_US.B_Ku8wmEgiQ.es5.O/ck=boq-identity.AccountsSignInUi.JzVX5znjq3M.L.B1.O/am=EQEAAADfgDcSAOT__28AAAMItgO-ZwE0AUIGAAAAAAAAAACwAAAADQEE/d=1/exm=A7fCU,CMcBD,Cvp0Rc,DfcFW,DqMihc,E87wgc,EFQ78c,EN3i8d,FCpbqb,Fl9mec,Fndnac,Fw4s1,GLtV1c,GwYlN,IZT63,JYtL0c,K0PMbc,K1ZKnb,KUM7Z,L9OGUe,LDQI,LEikZe,LvGhrf,MY7mZe,MpJwZc,NLiXbe,OTcFib,P6sQOc,PHUIyb,PXsWy,PrPYRd,QTENt,RMhBfe,RqjULd,SCuOPb,SD8Jgb,SpsfSb,Tbb4sb,UMu52b,UUJqVe,Uas9Hd,WhJNk,WpP9Yc,Wt6vjf,XSm1e,YHI3We,YTxL4,YYmHzb,YgOFye,ZDZcre,ZSzced,ZwDk9d,_b,_tp,aXwZ4c,bTi8wc,bof6ke,byfTOb,cYShmd,cciGGe,clOb9b,eV5q9c,eWuMIe,f8Gu1e,gJzDyc,hc6Ubd,hhhU8,iAskyc,inNHtf,jGvTv,jSwwdc,k5xHfe,lkFgGf,lsjVmc,lwddkf,m9oV,mvkUhe,n73qwf,oLggrd,oqkvIf,p3hmRc,pxq3x,q0xTif,qPYxq,qmdT9,rmumx,s0Ukzf,sOXFj,siKnQd,soHxf,t2srLd,tHIJ4c,tUnxGc,trs4le,uKyK2e,vHEMJe,vfuNJf,vjKJJ,w9hDv,wg1P6b,ws9Tlc,xP8nce,xQtZb,xiZRqc,y5vRwf,yRXbo,ywOR5c,z0u0L,zbML3c,ziXSP,zr1jrb,zy0vNb/excm=_b,_tp,identifierview/ed=1/wt=2/ujg=1/rs=AOaEmlGjkcH7Ky_zB34oeuuHTVW7ZA5uGg/ee=ASJRFf:DAnQ7e;Al0B8:kibjWe;DaIJ8c:iAskyc;EVNhjf:pw70Gc;EkYFhd:GwYlN;EmZ2Bf:zr1jrb;JsbNhc:Xd8iUd;K5nYTd:ZDZcre;LBgRLc:XVMNvd;Me32dd:MEeYgc;NJ1rfe:yGfSdd;NPKaK:PVlQOd;NSEoX:lazG7b;Pjplud:EEDORb;QGR0gd:Mlhmy;Qi0VDf:vUyhef;SMDL4c:K0PMbc;SNUn3:ZwDk9d;ScI3Yc:e7Hzgb;UpnZUd:nnwwYc;Uvc8o:VDovNc;UyjXyd:qXkWrc;VlRiDf:j7ZRif;XdiAjb:NLiXbe;YIZmRd:A1yn5d;a56pNe:JEfCwb;cEt90b:ws9Tlc;dIoSBb:SpsfSb;dowIGb:ebZ3mb;eBAeSb:zbML3c;iFQyKf:vfuNJf;lGvXed:Gtn19d;lOO0Vd:OTA3Ae;nTuGK:JKNPM;oGtAuc:sOXFj;oSUNyd:K0PMbc;oXZmbc:tUnxGc;pXdRYb:L9OGUe;qQEoOc:KUM7Z;qafBPd:yDVVkb;qddgKe:xQtZb;sHdTOe:nSePib;twueg:ouk7y;vNjB7d:YTxL4;wR5FRb:siKnQd;wc73nd:kqeOEd;yxTchf:KUM7Z/dti=1/m=hWbEQc,Acvdsc,lcGjA → 200 (106ms, 39755B)
[2026-08-18T21:10:42.683Z] GET https://www.gstatic.com/_/mss/boq-identity/_/js/k=boq-identity.AccountsSignInUi.en_US.B_Ku8wmEgiQ.es5.O/ck=boq-identity.AccountsSignInUi.JzVX5znjq3M.L.B1.O/am=EQEAAADfgDcSAOT__28AAAMItgO-ZwE0AUIGAAAAAAAAAACwAAAADQEE/d=1/exm=A7fCU,Acvdsc,CMcBD,Cvp0Rc,DfcFW,DqMihc,E87wgc,EFQ78c,EN3i8d,FCpbqb,Fl9mec,Fndnac,Fw4s1,GLtV1c,GwYlN,IZT63,JYtL0c,K0PMbc,K1ZKnb,KUM7Z,L9OGUe,LDQI,LEikZe,LvGhrf,MY7mZe,MpJwZc,NLiXbe,OTcFib,P6sQOc,PHUIyb,PXsWy,PrPYRd,QTENt,RMhBfe,RqjULd,SCuOPb,SD8Jgb,SpsfSb,Tbb4sb,UMu52b,UUJqVe,Uas9Hd,WhJNk,WpP9Yc,Wt6vjf,XSm1e,YHI3We,YTxL4,YYmHzb,YgOFye,ZDZcre,ZSzced,ZwDk9d,_b,_tp,aXwZ4c,bTi8wc,bof6ke,byfTOb,cYShmd,cciGGe,clOb9b,eV5q9c,eWuMIe,f8Gu1e,gJzDyc,hWbEQc,hc6Ubd,hhhU8,iAskyc,inNHtf,jGvTv,jSwwdc,k5xHfe,lcGjA,lkFgGf,lsjVmc,lwddkf,m9oV,mvkUhe,n73qwf,oLggrd,oqkvIf,p3hmRc,pxq3x,q0xTif,qPYxq,qmdT9,rmumx,s0Ukzf,sOXFj,siKnQd,soHxf,t2srLd,tHIJ4c,tUnxGc,trs4le,uKyK2e,vHEMJe,vfuNJf,vjKJJ,w9hDv,wg1P6b,ws9Tlc,xP8nce,xQtZb,xiZRqc,y5vRwf,yRXbo,ywOR5c,z0u0L,zbML3c,ziXSP,zr1jrb,zy0vNb/excm=_b,_tp,identifierview/ed=1/wt=2/ujg=1/rs=AOaEmlGjkcH7Ky_zB34oeuuHTVW7ZA5uGg/ee=ASJRFf:DAnQ7e;Al0B8:kibjWe;DaIJ8c:iAskyc;EVNhjf:pw70Gc;EkYFhd:GwYlN;EmZ2Bf:zr1jrb;JsbNhc:Xd8iUd;K5nYTd:ZDZcre;LBgRLc:XVMNvd;Me32dd:MEeYgc;NJ1rfe:yGfSdd;NPKaK:PVlQOd;NSEoX:lazG7b;Pjplud:EEDORb;QGR0gd:Mlhmy;Qi0VDf:vUyhef;SMDL4c:K0PMbc;SNUn3:ZwDk9d;ScI3Yc:e7Hzgb;UpnZUd:nnwwYc;Uvc8o:VDovNc;UyjXyd:qXkWrc;VlRiDf:j7ZRif;XdiAjb:NLiXbe;YIZmRd:A1yn5d;a56pNe:JEfCwb;cEt90b:ws9Tlc;dIoSBb:SpsfSb;dowIGb:ebZ3mb;eBAeSb:zbML3c;iFQyKf:vfuNJf;lGvXed:Gtn19d;lOO0Vd:OTA3Ae;nTuGK:JKNPM;oGtAuc:sOXFj;oSUNyd:K0PMbc;oXZmbc:tUnxGc;pXdRYb:L9OGUe;qQEoOc:KUM7Z;qafBPd:yDVVkb;qddgKe:xQtZb;sHdTOe:nSePib;twueg:ouk7y;vNjB7d:YTxL4;wR5FRb:siKnQd;wc73nd:kqeOEd;yxTchf:KUM7Z/dti=1/m=wjF3l,EF8pe → 200 (104ms, 1119B)
[2026-08-18T21:10:42.767Z] POST https://play.google.com/log?hasfast=true&authuser=0&format=json → 200 (2ms, 131B)
[2026-08-18T21:10:42.817Z] GET https://ssl.gstatic.com/i18n/flags/48x32/nobevel/063708a09723aa13639468def709ad19/flags.png → pending (?ms, ?B)
[2026-08-18T21:10:44.657Z] POST https://www.linkedin.com/li/track → 200 (131ms, ?B)
[2026-08-18T21:10:46.658Z] POST https://www.linkedin.com/li/track → 200 (250ms, ?B)
[2026-08-18T21:10:48.658Z] POST https://www.linkedin.com/li/track → 200 (122ms, ?B)
[2026-08-18T21:10:49.033Z] POST https://play.google.com/log?format=json&hasfast=true&authuser=0 → 200 (163ms, 131B)
[2026-08-18T21:10:50.320Z] POST https://collector-pxdojv695v.protechts.net/api/v2/msft → 200 (226ms, 1308B)
[2026-08-18T21:10:50.658Z] POST https://www.linkedin.com/li/track → 200 (125ms, ?B)
[2026-08-18T21:10:51.269Z] POST https://play.google.com/log?hasfast=true&authuser=0&format=json → 200 (99ms, 131B)
[2026-08-18T21:10:52.658Z] POST https://www.linkedin.com/li/track → 200 (88ms, ?B)
[2026-08-18T21:10:54.657Z] POST https://www.linkedin.com/li/track → 200 (148ms, ?B)
[2026-08-18T21:10:55.274Z] POST https://accounts.google.com/v3/signin/_/AccountsSignInUi/data/batchexecute?rpcids=B4hajb&source-path=%2Fv3%2Fsignin%2Fchallenge%2Fkpp&f.sid=9078844955127931697&bl=boq_identityfrontendauthuiserver_20260816.00_p0&hl=en-US&TL=ACv9tzGlKmvNwVVAFhvwBuoOUw6oAP8c8Sx1X1Hg6V7VMNa-OvA_szdoBMspkoAb&dsh=S-1757777443%3A1787087408513956&_reqid=1754613&rt=c → pending (?ms, ?B)
[2026-08-18T21:10:56.657Z] POST https://www.linkedin.com/li/track → 200 (176ms, ?B)
[2026-08-18T21:10:56.893Z] GET https://www.gstatic.com/_/mss/boq-identity/_/js/k=boq-identity.AccountsSignInUi.en_US.B_Ku8wmEgiQ.es5.O/ck=boq-identity.AccountsSignInUi.JzVX5znjq3M.L.B1.O/am=EQEAAADfgDcSAOT__28AAAMItgO-ZwE0AUIGAAAAAAAAAACwAAAADQEE/d=1/exm=A7fCU,Acvdsc,CMcBD,Cvp0Rc,DfcFW,DqMihc,E87wgc,EF8pe,EFQ78c,EN3i8d,FCpbqb,Fl9mec,Fndnac,Fw4s1,GLtV1c,GwYlN,IZT63,JYtL0c,K0PMbc,K1ZKnb,KUM7Z,L9OGUe,LDQI,LEikZe,LvGhrf,MY7mZe,MpJwZc,NLiXbe,OTcFib,P6sQOc,PHUIyb,PXsWy,PrPYRd,QTENt,RMhBfe,RqjULd,SCuOPb,SD8Jgb,SpsfSb,Tbb4sb,UMu52b,UUJqVe,Uas9Hd,WhJNk,WpP9Yc,Wt6vjf,XSm1e,YHI3We,YTxL4,YYmHzb,YgOFye,ZDZcre,ZSzced,ZwDk9d,_b,_tp,aXwZ4c,bTi8wc,bof6ke,byfTOb,cYShmd,cciGGe,clOb9b,eV5q9c,eWuMIe,f8Gu1e,gJzDyc,hWbEQc,hc6Ubd,hhhU8,iAskyc,inNHtf,jGvTv,jSwwdc,k5xHfe,lcGjA,lkFgGf,lsjVmc,lwddkf,m9oV,mvkUhe,n73qwf,oLggrd,oqkvIf,p3hmRc,pxq3x,q0xTif,qPYxq,qmdT9,rmumx,s0Ukzf,sOXFj,siKnQd,soHxf,t2srLd,tHIJ4c,tUnxGc,trs4le,uKyK2e,vHEMJe,vfuNJf,vjKJJ,w9hDv,wg1P6b,wjF3l,ws9Tlc,xP8nce,xQtZb,xiZRqc,y5vRwf,yRXbo,ywOR5c,z0u0L,zbML3c,ziXSP,zr1jrb,zy0vNb/excm=_b,_tp,identifierview/ed=1/wt=2/ujg=1/rs=AOaEmlGjkcH7Ky_zB34oeuuHTVW7ZA5uGg/ee=ASJRFf:DAnQ7e;Al0B8:kibjWe;DaIJ8c:iAskyc;EVNhjf:pw70Gc;EkYFhd:GwYlN;EmZ2Bf:zr1jrb;JsbNhc:Xd8iUd;K5nYTd:ZDZcre;LBgRLc:XVMNvd;Me32dd:MEeYgc;NJ1rfe:yGfSdd;NPKaK:PVlQOd;NSEoX:lazG7b;Pjplud:EEDORb;QGR0gd:Mlhmy;Qi0VDf:vUyhef;SMDL4c:K0PMbc;SNUn3:ZwDk9d;ScI3Yc:e7Hzgb;UpnZUd:nnwwYc;Uvc8o:VDovNc;UyjXyd:qXkWrc;VlRiDf:j7ZRif;XdiAjb:NLiXbe;YIZmRd:A1yn5d;a56pNe:JEfCwb;cEt90b:ws9Tlc;dIoSBb:SpsfSb;dowIGb:ebZ3mb;eBAeSb:zbML3c;iFQyKf:vfuNJf;lGvXed:Gtn19d;lOO0Vd:OTA3Ae;nTuGK:JKNPM;oGtAuc:sOXFj;oSUNyd:K0PMbc;oXZmbc:tUnxGc;pXdRYb:L9OGUe;qQEoOc:KUM7Z;qafBPd:yDVVkb;qddgKe:xQtZb;sHdTOe:nSePib;twueg:ouk7y;vNjB7d:YTxL4;wR5FRb:siKnQd;wc73nd:kqeOEd;yxTchf:KUM7Z/dti=1/m=FUAXde → pending (?ms, ?B)
[2026-08-18T21:10:56.984Z] GET https://www.gstatic.com/_/mss/boq-identity/_/js/k=boq-identity.AccountsSignInUi.en_US.B_Ku8wmEgiQ.es5.O/ck=boq-identity.AccountsSignInUi.JzVX5znjq3M.L.B1.O/am=EQEAAADfgDcSAOT__28AAAMItgO-ZwE0AUIGAAAAAAAAAACwAAAADQEE/d=1/exm=A7fCU,Acvdsc,CMcBD,Cvp0Rc,DfcFW,DqMihc,E87wgc,EF8pe,EFQ78c,EN3i8d,FCpbqb,FUAXde,Fl9mec,Fndnac,Fw4s1,GLtV1c,GwYlN,IZT63,JYtL0c,K0PMbc,K1ZKnb,KUM7Z,L9OGUe,LDQI,LEikZe,LvGhrf,MY7mZe,MpJwZc,NLiXbe,OTcFib,P6sQOc,PHUIyb,PXsWy,PrPYRd,QTENt,RMhBfe,RqjULd,SCuOPb,SD8Jgb,SpsfSb,Tbb4sb,UMu52b,UUJqVe,Uas9Hd,WhJNk,WpP9Yc,Wt6vjf,XSm1e,YHI3We,YTxL4,YYmHzb,YgOFye,ZDZcre,ZSzced,ZwDk9d,_b,_tp,aXwZ4c,bTi8wc,bof6ke,byfTOb,cYShmd,cciGGe,clOb9b,eV5q9c,eWuMIe,f8Gu1e,gJzDyc,hWbEQc,hc6Ubd,hhhU8,iAskyc,inNHtf,jGvTv,jSwwdc,k5xHfe,lcGjA,lkFgGf,lsjVmc,lwddkf,m9oV,mvkUhe,n73qwf,oLggrd,oqkvIf,p3hmRc,pxq3x,q0xTif,qPYxq,qmdT9,rmumx,s0Ukzf,sOXFj,siKnQd,soHxf,t2srLd,tHIJ4c,tUnxGc,trs4le,uKyK2e,vHEMJe,vfuNJf,vjKJJ,w9hDv,wg1P6b,wjF3l,ws9Tlc,xP8nce,xQtZb,xiZRqc,y5vRwf,yRXbo,ywOR5c,z0u0L,zbML3c,ziXSP,zr1jrb,zy0vNb/excm=_b,_tp,identifierview/ed=1/wt=2/ujg=1/rs=AOaEmlGjkcH7Ky_zB34oeuuHTVW7ZA5uGg/ee=ASJRFf:DAnQ7e;Al0B8:kibjWe;DaIJ8c:iAskyc;EVNhjf:pw70Gc;EkYFhd:GwYlN;EmZ2Bf:zr1jrb;JsbNhc:Xd8iUd;K5nYTd:ZDZcre;LBgRLc:XVMNvd;Me32dd:MEeYgc;NJ1rfe:yGfSdd;NPKaK:PVlQOd;NSEoX:lazG7b;Pjplud:EEDORb;QGR0gd:Mlhmy;Qi0VDf:vUyhef;SMDL4c:K0PMbc;SNUn3:ZwDk9d;ScI3Yc:e7Hzgb;UpnZUd:nnwwYc;Uvc8o:VDovNc;UyjXyd:qXkWrc;VlRiDf:j7ZRif;XdiAjb:NLiXbe;YIZmRd:A1yn5d;a56pNe:JEfCwb;cEt90b:ws9Tlc;dIoSBb:SpsfSb;dowIGb:ebZ3mb;eBAeSb:zbML3c;iFQyKf:vfuNJf;lGvXed:Gtn19d;lOO0Vd:OTA3Ae;nTuGK:JKNPM;oGtAuc:sOXFj;oSUNyd:K0PMbc;oXZmbc:tUnxGc;pXdRYb:L9OGUe;qQEoOc:KUM7Z;qafBPd:yDVVkb;qddgKe:xQtZb;sHdTOe:nSePib;twueg:ouk7y;vNjB7d:YTxL4;wR5FRb:siKnQd;wc73nd:kqeOEd;yxTchf:KUM7Z/dti=1/m=KbEYWb → 200 (120ms, 69934B)
[2026-08-18T21:10:56.985Z] GET https://www.gstatic.com/_/mss/boq-identity/_/js/k=boq-identity.AccountsSignInUi.en_US.B_Ku8wmEgiQ.es5.O/ck=boq-identity.AccountsSignInUi.JzVX5znjq3M.L.B1.O/am=EQEAAADfgDcSAOT__28AAAMItgO-ZwE0AUIGAAAAAAAAAACwAAAADQEE/d=1/exm=A7fCU,Acvdsc,CMcBD,Cvp0Rc,DfcFW,DqMihc,E87wgc,EF8pe,EFQ78c,EN3i8d,FCpbqb,FUAXde,Fl9mec,Fndnac,Fw4s1,GLtV1c,GwYlN,IZT63,JYtL0c,K0PMbc,K1ZKnb,KUM7Z,KbEYWb,L9OGUe,LDQI,LEikZe,LvGhrf,MY7mZe,MpJwZc,NLiXbe,OTcFib,P6sQOc,PHUIyb,PXsWy,PrPYRd,QTENt,RMhBfe,RqjULd,SCuOPb,SD8Jgb,SpsfSb,Tbb4sb,UMu52b,UUJqVe,Uas9Hd,WhJNk,WpP9Yc,Wt6vjf,XSm1e,YHI3We,YTxL4,YYmHzb,YgOFye,ZDZcre,ZSzced,ZwDk9d,_b,_tp,aXwZ4c,bTi8wc,bof6ke,byfTOb,cYShmd,cciGGe,clOb9b,eV5q9c,eWuMIe,f8Gu1e,gJzDyc,hWbEQc,hc6Ubd,hhhU8,iAskyc,inNHtf,jGvTv,jSwwdc,k5xHfe,lcGjA,lkFgGf,lsjVmc,lwddkf,m9oV,mvkUhe,n73qwf,oLggrd,oqkvIf,p3hmRc,pxq3x,q0xTif,qPYxq,qmdT9,rmumx,s0Ukzf,sOXFj,siKnQd,soHxf,t2srLd,tHIJ4c,tUnxGc,trs4le,uKyK2e,vHEMJe,vfuNJf,vjKJJ,w9hDv,wg1P6b,wjF3l,ws9Tlc,xP8nce,xQtZb,xiZRqc,y5vRwf,yRXbo,ywOR5c,z0u0L,zbML3c,ziXSP,zr1jrb,zy0vNb/excm=_b,_tp,identifierview/ed=1/wt=2/ujg=1/rs=AOaEmlGjkcH7Ky_zB34oeuuHTVW7ZA5uGg/ee=ASJRFf:DAnQ7e;Al0B8:kibjWe;DaIJ8c:iAskyc;EVNhjf:pw70Gc;EkYFhd:GwYlN;EmZ2Bf:zr1jrb;JsbNhc:Xd8iUd;K5nYTd:ZDZcre;LBgRLc:XVMNvd;Me32dd:MEeYgc;NJ1rfe:yGfSdd;NPKaK:PVlQOd;NSEoX:lazG7b;Pjplud:EEDORb;QGR0gd:Mlhmy;Qi0VDf:vUyhef;SMDL4c:K0PMbc;SNUn3:ZwDk9d;ScI3Yc:e7Hzgb;UpnZUd:nnwwYc;Uvc8o:VDovNc;UyjXyd:qXkWrc;VlRiDf:j7ZRif;XdiAjb:NLiXbe;YIZmRd:A1yn5d;a56pNe:JEfCwb;cEt90b:ws9Tlc;dIoSBb:SpsfSb;dowIGb:ebZ3mb;eBAeSb:zbML3c;iFQyKf:vfuNJf;lGvXed:Gtn19d;lOO0Vd:OTA3Ae;nTuGK:JKNPM;oGtAuc:sOXFj;oSUNyd:K0PMbc;oXZmbc:tUnxGc;pXdRYb:L9OGUe;qQEoOc:KUM7Z;qafBPd:yDVVkb;qddgKe:xQtZb;sHdTOe:nSePib;twueg:ouk7y;vNjB7d:YTxL4;wR5FRb:siKnQd;wc73nd:kqeOEd;yxTchf:KUM7Z/dti=1/m=c5uXJe → 200 (100ms, 1520B)
[2026-08-18T21:10:57.111Z] GET https://www.gstatic.com/feedback/js/help/prod/service/lazy.min.js → 200 (7ms, 128482B)
[2026-08-18T21:10:57.115Z] POST https://signaler-pa.googleapis.com/punctual/v1/chooseServer?key=AIzaSyBK4Jek59hl05JpbITG8AHxRTXZfrATQn8 → 200 (234ms, 92B)
[2026-08-18T21:10:57.353Z] POST https://signaler-pa.googleapis.com/punctual/multi-watch/channel?VER=8&gsessionid=o_4YfyT0reBAlys4lSRMQ-FElnGFsDkMxcH76RcircA&key=AIzaSyBK4Jek59hl05JpbITG8AHxRTXZfrATQn8&RID=64727&CVER=22&zx=tc2cujyuyund&t=1 → 200 (259ms, 54B)
[2026-08-18T21:10:57.613Z] GET https://signaler-pa.googleapis.com/punctual/multi-watch/channel?VER=8&gsessionid=o_4YfyT0reBAlys4lSRMQ-FElnGFsDkMxcH76RcircA&key=AIzaSyBK4Jek59hl05JpbITG8AHxRTXZfrATQn8&RID=rpc&SID=F7IRIz4DfUHQLsuSAe6rLA&AID=0&CI=0&TYPE=xmlhttp&zx=jacwm2uq69h8&t=1 → 200 (101ms, ?B)
[2026-08-18T21:10:57.717Z] POST https://accounts.google.com/v3/signin/_/AccountsSignInUi/data/batchexecute?rpcids=B4hajb&source-path=%2Fv3%2Fsignin%2Fchallenge%2Fdp&f.sid=9078844955127931697&bl=boq_identityfrontendauthuiserver_20260816.00_p0&hl=en-US&TL=ACv9tzGlKmvNwVVAFhvwBuoOUw6oAP8c8Sx1X1Hg6V7VMNa-OvA_szdoBMspkoAb&dsh=S-1757777443%3A1787087408513956&_reqid=1854613&rt=c → pending (?ms, ?B)
[2026-08-18T21:10:58.656Z] POST https://www.linkedin.com/li/track → 200 (86ms, ?B)
[2026-08-18T21:11:00.658Z] POST https://www.linkedin.com/li/track → 200 (96ms, ?B)
[2026-08-18T21:11:02.656Z] POST https://www.linkedin.com/li/track → 200 (97ms, ?B)
[2026-08-18T21:11:04.658Z] POST https://www.linkedin.com/li/track → 200 (186ms, ?B)
[2026-08-18T21:11:06.658Z] POST https://www.linkedin.com/li/track → 200 (217ms, ?B)
[2026-08-18T21:11:06.985Z] POST https://play.google.com/log?format=json&hasfast=true&authuser=0 → 200 (84ms, 131B)
[2026-08-18T21:11:07.115Z] POST https://accounts.google.com/v3/signin/_/AccountsSignInUi/data/batchexecute?rpcids=B4hajb&source-path=%2Fv3%2Fsignin%2Fchallenge%2Fdp&f.sid=9078844955127931697&bl=boq_identityfrontendauthuiserver_20260816.00_p0&hl=en-US&TL=ACv9tzGlKmvNwVVAFhvwBuoOUw6oAP8c8Sx1X1Hg6V7VMNa-OvA_szdoBMspkoAb&dsh=S-1757777443%3A1787087408513956&_reqid=1954613&rt=c → 200 (281ms, 704B)
[2026-08-18T21:11:07.666Z] POST https://play.google.com/log?hasfast=true&authuser=0&format=json → 200 (173ms, 131B)
[2026-08-18T21:11:08.659Z] POST https://www.linkedin.com/li/track → 200 (118ms, ?B)
[2026-08-18T21:11:10.658Z] POST https://www.linkedin.com/li/track → 200 (94ms, ?B)
[2026-08-18T21:11:12.631Z] POST https://play.google.com/log?hasfast=true&authuser=0&format=json → 200 (119ms, 131B)
[2026-08-18T21:11:12.655Z] POST https://www.linkedin.com/li/track → 200 (228ms, ?B)
[2026-08-18T21:11:13.718Z] POST https://play.google.com/log?hasfast=true&authuser=0&format=json → 200 (156ms, 131B)
[2026-08-18T21:11:14.658Z] POST https://www.linkedin.com/li/track → 200 (137ms, ?B)
[2026-08-18T21:11:14.918Z] POST https://accounts.google.com/v3/signin/_/AccountsSignInUi/browserinfo?f.sid=9078844955127931697&bl=boq_identityfrontendauthuiserver_20260816.00_p0&hl=en-US&TL=ACv9tzGlKmvNwVVAFhvwBuoOUw6oAP8c8Sx1X1Hg6V7VMNa-OvA_szdoBMspkoAb&dsh=S-1757777443%3A1787087408513956&_reqid=2054613&rt=j → pending (?ms, ?B)
[2026-08-18T21:11:16.657Z] POST https://www.linkedin.com/li/track → 200 (175ms, ?B)
[2026-08-18T21:11:17.119Z] POST https://accounts.google.com/v3/signin/_/AccountsSignInUi/data/batchexecute?rpcids=B4hajb&source-path=%2Fv3%2Fsignin%2Fchallenge%2Fdp&f.sid=9078844955127931697&bl=boq_identityfrontendauthuiserver_20260816.00_p0&hl=en-US&TL=ACv9tzGlKmvNwVVAFhvwBuoOUw6oAP8c8Sx1X1Hg6V7VMNa-OvA_szdoBMspkoAb&dsh=S-1757777443%3A1787087408513956&_reqid=2154613&rt=c → 200 (321ms, 704B)
[2026-08-18T21:11:18.657Z] POST https://www.linkedin.com/li/track → 200 (274ms, ?B)
[2026-08-18T21:11:20.659Z] POST https://www.linkedin.com/li/track → 200 (105ms, ?B)
[2026-08-18T21:11:21.985Z] POST https://play.google.com/log?hasfast=true&authuser=0&format=json → 200 (206ms, 131B)
[2026-08-18T21:11:22.657Z] POST https://www.linkedin.com/li/track → 200 (90ms, ?B)
[2026-08-18T21:11:24.658Z] POST https://www.linkedin.com/li/track → 200 (285ms, ?B)
[2026-08-18T21:11:26.658Z] POST https://www.linkedin.com/li/track → 200 (213ms, ?B)
[2026-08-18T21:11:27.120Z] POST https://accounts.google.com/v3/signin/_/AccountsSignInUi/data/batchexecute?rpcids=B4hajb&source-path=%2Fv3%2Fsignin%2Fchallenge%2Fdp&f.sid=9078844955127931697&bl=boq_identityfrontendauthuiserver_20260816.00_p0&hl=en-US&TL=ACv9tzGlKmvNwVVAFhvwBuoOUw6oAP8c8Sx1X1Hg6V7VMNa-OvA_szdoBMspkoAb&dsh=S-1757777443%3A1787087408513956&_reqid=2254613&rt=c → 200 (840ms, 705B)
[2026-08-18T21:11:28.657Z] POST https://www.linkedin.com/li/track → 200 (108ms, ?B)
[2026-08-18T21:11:30.189Z] POST https://signaler-pa.googleapis.com/punctual/multi-watch/channel?VER=8&gsessionid=o_4YfyT0reBAlys4lSRMQ-FElnGFsDkMxcH76RcircA&key=AIzaSyBK4Jek59hl05JpbITG8AHxRTXZfrATQn8&SID=F7IRIz4DfUHQLsuSAe6rLA&RID=64728&AID=3&zx=hre617ka9xxp&t=1 → 200 (110ms, 10B)
[2026-08-18T21:11:30.190Z] POST https://accounts.google.com/v3/signin/_/AccountsSignInUi/data/batchexecute?rpcids=B4hajb&source-path=%2Fv3%2Fsignin%2Fchallenge%2Fdp&f.sid=9078844955127931697&bl=boq_identityfrontendauthuiserver_20260816.00_p0&hl=en-US&TL=ACv9tzGlKmvNwVVAFhvwBuoOUw6oAP8c8Sx1X1Hg6V7VMNa-OvA_szdoBMspkoAb&dsh=S-1757777443%3A1787087408513956&_reqid=2354613&rt=c → pending (?ms, ?B)
[2026-08-18T21:11:30.656Z] POST https://www.linkedin.com/li/track → 200 (241ms, ?B)
[2026-08-18T21:11:31.235Z] POST https://signaler-pa.googleapis.com/punctual/multi-watch/channel?VER=8&gsessionid=o_4YfyT0reBAlys4lSRMQ-FElnGFsDkMxcH76RcircA&key=AIzaSyBK4Jek59hl05JpbITG8AHxRTXZfrATQn8&SID=F7IRIz4DfUHQLsuSAe6rLA&RID=64729&AID=4&zx=zd5fwc47sra7&t=1 → 200 (116ms, 10B)
[2026-08-18T21:11:31.355Z] POST https://accounts.google.com/v3/signin/_/AccountsSignInUi/data/batchexecute?rpcids=B4hajb&source-path=%2Fv3%2Fsignin%2Fchallenge%2Fdp&f.sid=9078844955127931697&bl=boq_identityfrontendauthuiserver_20260816.00_p0&hl=en-US&TL=ACv9tzGlKmvNwVVAFhvwBuoOUw6oAP8c8Sx1X1Hg6V7VMNa-OvA_szdoBMspkoAb&dsh=S-1757777443%3A1787087408513956&_reqid=2454613&rt=c → 200 (359ms, 704B)
[2026-08-18T21:11:32.658Z] POST https://www.linkedin.com/li/track → 200 (117ms, ?B)
[2026-08-18T21:11:34.658Z] POST https://www.linkedin.com/li/track → 200 (142ms, ?B)
[2026-08-18T21:11:36.657Z] POST https://www.linkedin.com/li/track → 200 (103ms, ?B)
[2026-08-18T21:11:37.122Z] POST https://accounts.google.com/v3/signin/_/AccountsSignInUi/data/batchexecute?rpcids=B4hajb&source-path=%2Fv3%2Fsignin%2Fchallenge%2Fdp&f.sid=9078844955127931697&bl=boq_identityfrontendauthuiserver_20260816.00_p0&hl=en-US&TL=ACv9tzGlKmvNwVVAFhvwBuoOUw6oAP8c8Sx1X1Hg6V7VMNa-OvA_szdoBMspkoAb&dsh=S-1757777443%3A1787087408513956&_reqid=2554613&rt=c → 200 (300ms, 704B)
[2026-08-18T21:11:38.658Z] POST https://www.linkedin.com/li/track → 200 (218ms, ?B)
[2026-08-18T21:11:40.657Z] POST https://www.linkedin.com/li/track → 200 (92ms, ?B)
[2026-08-18T21:11:41.237Z] POST https://play.google.com/log?format=json&hasfast=true&authuser=0 → 200 (131ms, 131B)
[2026-08-18T21:11:42.657Z] POST https://www.linkedin.com/li/track → 200 (89ms, ?B)
[2026-08-18T21:11:44.656Z] POST https://www.linkedin.com/li/track → 200 (160ms, ?B)
