[2026-08-18T22:00:20.518Z] [info] LegacyDataMixin will be applied to all legacy elements.
Set `_legacyUndefinedCheck: true` on element class to enable.
[2026-08-18T22:00:20.809Z] [error] Failed to load resource: the server responded with a status of 401 ()
[2026-08-18T22:00:20.943Z] [error] Failed to load resource: the server responded with a status of 403 (Forbidden)
[2026-08-18T22:00:20.943Z] [error] Failed to load resource: the server responded with a status of 403 (Forbidden)
[2026-08-18T22:00:21.076Z] [warning] []Automatic fallback to software WebGL has been deprecated. Please use the --enable-unsafe-swiftshader flag to opt in to lower security guarantees for trusted content.
[2026-08-18T22:00:21.156Z] [error] Failed to load resource: the server responded with a status of 403 (Forbidden)
[2026-08-18T22:00:21.156Z] [error] Failed to load resource: the server responded with a status of 403 (Forbidden)
[2026-08-18T22:00:21.307Z] [error] Failed to load resource: the server responded with a status of 403 (Forbidden)
[2026-08-18T22:00:21.314Z] [error] Failed to load resource: the server responded with a status of 403 (Forbidden)
[2026-08-18T22:01:49.821Z] [warning] Allow attribute will take precedence over 'allowfullscreen'.
[2026-08-18T22:01:51.015Z] [warning] []Automatic fallback to software WebGL has been deprecated. Please use the --enable-unsafe-swiftshader flag to opt in to lower security guarantees for trusted content.
[2026-08-18T22:03:03.032Z] [warning] Allow attribute will take precedence over 'allowfullscreen'.
[2026-08-18T22:03:03.868Z] [warning] []Automatic fallback to software WebGL has been deprecated. Please use the --enable-unsafe-swiftshader flag to opt in to lower security guarantees for trusted content.
[2026-08-18T22:03:09.288Z] [warning] Allow attribute will take precedence over 'allowfullscreen'.
[2026-08-18T22:03:10.153Z] [warning] []Automatic fallback to software WebGL has been deprecated. Please use the --enable-unsafe-swiftshader flag to opt in to lower security guarantees for trusted content.
[2026-08-18T22:05:41.087Z] [warning] Allow attribute will take precedence over 'allowfullscreen'.
[2026-08-18T22:05:41.892Z] [warning] []Automatic fallback to software WebGL has been deprecated. Please use the --enable-unsafe-swiftshader flag to opt in to lower security guarantees for trusted content.
[2026-08-18T22:06:16.042Z] [info] LegacyDataMixin will be applied to all legacy elements.
Set `_legacyUndefinedCheck: true` on element class to enable.
[2026-08-18T22:06:16.346Z] [error] Failed to load resource: net::ERR_NAME_NOT_RESOLVED
[2026-08-18T22:06:16.347Z] [error] Failed to load resource: net::ERR_NAME_NOT_RESOLVED
[2026-08-18T22:06:16.350Z] [error] Failed to load resource: net::ERR_NAME_NOT_RESOLVED
[2026-08-18T22:06:16.351Z] [error] Failed to load resource: net::ERR_NAME_NOT_RESOLVED
[2026-08-18T22:06:16.351Z] [error] Failed to load resource: net::ERR_NAME_NOT_RESOLVED
[2026-08-18T22:06:16.351Z] [error] Failed to load resource: net::ERR_NAME_NOT_RESOLVED
[2026-08-18T22:06:16.352Z] [warning] []Automatic fallback to software WebGL has been deprecated. Please use the --enable-unsafe-swiftshader flag to opt in to lower security guarantees for trusted content.
[2026-08-18T22:07:04.771Z] [warning] Allow attribute will take precedence over 'allowfullscreen'.
[2026-08-18T22:07:04.975Z] [warning] Failed to execute 'postMessage' on 'DOMWindow': The target origin provided ('https://www.youtube-nocookie.com') does not match the recipient window's origin ('http://localhost:4173').
[2026-08-18T22:07:04.975Z] [warning] Failed to execute 'postMessage' on 'DOMWindow': The target origin provided ('https://www.youtube-nocookie.com') does not match the recipient window's origin ('http://localhost:4173').
[2026-08-18T22:07:05.694Z] [warning] []Automatic fallback to software WebGL has been deprecated. Please use the --enable-unsafe-swiftshader flag to opt in to lower security guarantees for trusted content.
[2026-08-18T22:07:39.921Z] [warning] Allow attribute will take precedence over 'allowfullscreen'.
[2026-08-18T22:07:40.125Z] [warning] Failed to execute 'postMessage' on 'DOMWindow': The target origin provided ('https://www.youtube-nocookie.com') does not match the recipient window's origin ('http://localhost:4173').
[2026-08-18T22:07:40.125Z] [warning] Failed to execute 'postMessage' on 'DOMWindow': The target origin provided ('https://www.youtube-nocookie.com') does not match the recipient window's origin ('http://localhost:4173').
[2026-08-18T22:07:40.822Z] [warning] []Automatic fallback to software WebGL has been deprecated. Please use the --enable-unsafe-swiftshader flag to opt in to lower security guarantees for trusted content.
